Archive member included to satisfy reference by file (symbol)

/Applications/STM32CubeIDE.app/Contents/Eclipse/plugins/com.st.stm32cube.ide.mcu.externaltools.gnu-tools-for-stm32.13.3.rel1.macos64_1.0.0.202411102158/tools/bin/../lib/gcc/arm-none-eabi/13.3.1/../../../../arm-none-eabi/lib/thumb/v7e-m+fp/hard/libc_nano.a(libc_a-exit.o)
                              /Applications/STM32CubeIDE.app/Contents/Eclipse/plugins/com.st.stm32cube.ide.mcu.externaltools.gnu-tools-for-stm32.13.3.rel1.macos64_1.0.0.202411102158/tools/bin/../lib/gcc/arm-none-eabi/13.3.1/../../../../arm-none-eabi/lib/thumb/v7e-m+fp/hard/crt0.o (exit)
/Applications/STM32CubeIDE.app/Contents/Eclipse/plugins/com.st.stm32cube.ide.mcu.externaltools.gnu-tools-for-stm32.13.3.rel1.macos64_1.0.0.202411102158/tools/bin/../lib/gcc/arm-none-eabi/13.3.1/../../../../arm-none-eabi/lib/thumb/v7e-m+fp/hard/libc_nano.a(libc_a-findfp.o)
                              /Applications/STM32CubeIDE.app/Contents/Eclipse/plugins/com.st.stm32cube.ide.mcu.externaltools.gnu-tools-for-stm32.13.3.rel1.macos64_1.0.0.202411102158/tools/bin/../lib/gcc/arm-none-eabi/13.3.1/../../../../arm-none-eabi/lib/thumb/v7e-m+fp/hard/libc_nano.a(libc_a-exit.o) (__stdio_exit_handler)
/Applications/STM32CubeIDE.app/Contents/Eclipse/plugins/com.st.stm32cube.ide.mcu.externaltools.gnu-tools-for-stm32.13.3.rel1.macos64_1.0.0.202411102158/tools/bin/../lib/gcc/arm-none-eabi/13.3.1/../../../../arm-none-eabi/lib/thumb/v7e-m+fp/hard/libc_nano.a(libc_a-fwalk.o)
                              /Applications/STM32CubeIDE.app/Contents/Eclipse/plugins/com.st.stm32cube.ide.mcu.externaltools.gnu-tools-for-stm32.13.3.rel1.macos64_1.0.0.202411102158/tools/bin/../lib/gcc/arm-none-eabi/13.3.1/../../../../arm-none-eabi/lib/thumb/v7e-m+fp/hard/libc_nano.a(libc_a-findfp.o) (_fwalk_sglue)
/Applications/STM32CubeIDE.app/Contents/Eclipse/plugins/com.st.stm32cube.ide.mcu.externaltools.gnu-tools-for-stm32.13.3.rel1.macos64_1.0.0.202411102158/tools/bin/../lib/gcc/arm-none-eabi/13.3.1/../../../../arm-none-eabi/lib/thumb/v7e-m+fp/hard/libc_nano.a(libc_a-printf.o)
                              ./Core/Src/main.o (printf)
/Applications/STM32CubeIDE.app/Contents/Eclipse/plugins/com.st.stm32cube.ide.mcu.externaltools.gnu-tools-for-stm32.13.3.rel1.macos64_1.0.0.202411102158/tools/bin/../lib/gcc/arm-none-eabi/13.3.1/../../../../arm-none-eabi/lib/thumb/v7e-m+fp/hard/libc_nano.a(libc_a-puts.o)
                              ./Core/Src/main.o (puts)
/Applications/STM32CubeIDE.app/Contents/Eclipse/plugins/com.st.stm32cube.ide.mcu.externaltools.gnu-tools-for-stm32.13.3.rel1.macos64_1.0.0.202411102158/tools/bin/../lib/gcc/arm-none-eabi/13.3.1/../../../../arm-none-eabi/lib/thumb/v7e-m+fp/hard/libc_nano.a(libc_a-memset.o)
                              /Applications/STM32CubeIDE.app/Contents/Eclipse/plugins/com.st.stm32cube.ide.mcu.externaltools.gnu-tools-for-stm32.13.3.rel1.macos64_1.0.0.202411102158/tools/bin/../lib/gcc/arm-none-eabi/13.3.1/../../../../arm-none-eabi/lib/thumb/v7e-m+fp/hard/crt0.o (memset)
/Applications/STM32CubeIDE.app/Contents/Eclipse/plugins/com.st.stm32cube.ide.mcu.externaltools.gnu-tools-for-stm32.13.3.rel1.macos64_1.0.0.202411102158/tools/bin/../lib/gcc/arm-none-eabi/13.3.1/../../../../arm-none-eabi/lib/thumb/v7e-m+fp/hard/libc_nano.a(libc_a-strchr.o)
                              ./Core/Src/dns.o (strchr)
/Applications/STM32CubeIDE.app/Contents/Eclipse/plugins/com.st.stm32cube.ide.mcu.externaltools.gnu-tools-for-stm32.13.3.rel1.macos64_1.0.0.202411102158/tools/bin/../lib/gcc/arm-none-eabi/13.3.1/../../../../arm-none-eabi/lib/thumb/v7e-m+fp/hard/libc_nano.a(libc_a-strncpy.o)
                              ./Core/Src/dns.o (strncpy)
/Applications/STM32CubeIDE.app/Contents/Eclipse/plugins/com.st.stm32cube.ide.mcu.externaltools.gnu-tools-for-stm32.13.3.rel1.macos64_1.0.0.202411102158/tools/bin/../lib/gcc/arm-none-eabi/13.3.1/../../../../arm-none-eabi/lib/thumb/v7e-m+fp/hard/libc_nano.a(libc_a-errno.o)
                              ./Core/Src/syscalls.o (__errno)
/Applications/STM32CubeIDE.app/Contents/Eclipse/plugins/com.st.stm32cube.ide.mcu.externaltools.gnu-tools-for-stm32.13.3.rel1.macos64_1.0.0.202411102158/tools/bin/../lib/gcc/arm-none-eabi/13.3.1/../../../../arm-none-eabi/lib/thumb/v7e-m+fp/hard/libc_nano.a(libc_a-init.o)
                              /Applications/STM32CubeIDE.app/Contents/Eclipse/plugins/com.st.stm32cube.ide.mcu.externaltools.gnu-tools-for-stm32.13.3.rel1.macos64_1.0.0.202411102158/tools/bin/../lib/gcc/arm-none-eabi/13.3.1/../../../../arm-none-eabi/lib/thumb/v7e-m+fp/hard/crt0.o (__libc_init_array)
/Applications/STM32CubeIDE.app/Contents/Eclipse/plugins/com.st.stm32cube.ide.mcu.externaltools.gnu-tools-for-stm32.13.3.rel1.macos64_1.0.0.202411102158/tools/bin/../lib/gcc/arm-none-eabi/13.3.1/../../../../arm-none-eabi/lib/thumb/v7e-m+fp/hard/libc_nano.a(libc_a-lock.o)
[...]
Memory Configuration

Name             Origin             Length             Attributes
RAM              0x20000000         0x00030000         xrw
RAM2             0x10000000         0x00010000         xrw
RAM3             0x20040000         0x00060000         xrw
FLASH            0x08000000         0x00200000         xr
*default*        0x00000000         0xffffffff

Linker script and memory map

LOAD /Applications/STM32CubeIDE.app/Contents/Eclipse/plugins/com.st.stm32cube.ide.mcu.externaltools.gnu-tools-for-stm32.13.3.rel1.macos64_1.0.0.202411102158/tools/bin/../lib/gcc/arm-none-eabi/13.3.1/thumb/v7e-m+fp/hard/crti.o
LOAD /Applications/STM32CubeIDE.app/Contents/Eclipse/plugins/com.st.stm32cube.ide.mcu.externaltools.gnu-tools-for-stm32.13.3.rel1.macos64_1.0.0.202411102158/tools/bin/../lib/gcc/arm-none-eabi/13.3.1/thumb/v7e-m+fp/hard/crtbegin.o
LOAD /Applications/STM32CubeIDE.app/Contents/Eclipse/plugins/com.st.stm32cube.ide.mcu.externaltools.gnu-tools-for-stm32.13.3.rel1.macos64_1.0.0.202411102158/tools/bin/../lib/gcc/arm-none-eabi/13.3.1/../../../../arm-none-eabi/lib/thumb/v7e-m+fp/hard/crt0.o
LOAD ./Core/Src/dhcp.o
LOAD ./Core/Src/dns.o
LOAD ./Core/Src/main.o
LOAD ./Core/Src/net_w5500.o
LOAD ./Core/Src/socket.o
LOAD ./Core/Src/stm32l4xx_hal_msp.o
LOAD ./Core/Src/stm32l4xx_it.o
LOAD ./Core/Src/syscalls.o
LOAD ./Core/Src/sysmem.o
LOAD ./Core/Src/system_stm32l4xx.o
LOAD ./Core/Src/w5500.o
LOAD ./Core/Src/wizchip_conf.o
LOAD ./Core/Startup/startup_stm32l4r5zitxp.o
LOAD ./Drivers/STM32L4xx_HAL_Driver/Src/stm32l4xx_hal.o
LOAD ./Drivers/STM32L4xx_HAL_Driver/Src/stm32l4xx_hal_cortex.o
LOAD ./Drivers/STM32L4xx_HAL_Driver/Src/stm32l4xx_hal_dma.o
LOAD ./Drivers/STM32L4xx_HAL_Driver/Src/stm32l4xx_hal_dma_ex.o
LOAD ./Drivers/STM32L4xx_HAL_Driver/Src/stm32l4xx_hal_exti.o
LOAD ./Drivers/STM32L4xx_HAL_Driver/Src/stm32l4xx_hal_flash.o
LOAD ./Drivers/STM32L4xx_HAL_Driver/Src/stm32l4xx_hal_flash_ex.o
LOAD ./Drivers/STM32L4xx_HAL_Driver/Src/stm32l4xx_hal_flash_ramfunc.o
LOAD ./Drivers/STM32L4xx_HAL_Driver/Src/stm32l4xx_hal_gpio.o
LOAD ./Drivers/STM32L4xx_HAL_Driver/Src/stm32l4xx_hal_i2c.o
LOAD ./Drivers/STM32L4xx_HAL_Driver/Src/stm32l4xx_hal_i2c_ex.o
LOAD ./Drivers/STM32L4xx_HAL_Driver/Src/stm32l4xx_hal_pwr.o
LOAD ./Drivers/STM32L4xx_HAL_Driver/Src/stm32l4xx_hal_pwr_ex.o
LOAD ./Drivers/STM32L4xx_HAL_Driver/Src/stm32l4xx_hal_rcc.o
LOAD ./Drivers/STM32L4xx_HAL_Driver/Src/stm32l4xx_hal_rcc_ex.o
LOAD ./Drivers/STM32L4xx_HAL_Driver/Src/stm32l4xx_hal_spi.o
LOAD ./Drivers/STM32L4xx_HAL_Driver/Src/stm32l4xx_hal_spi_ex.o
LOAD ./Drivers/STM32L4xx_HAL_Driver/Src/stm32l4xx_hal_uart.o
LOAD ./Drivers/STM32L4xx_HAL_Driver/Src/stm32l4xx_hal_uart_ex.o
START GROUP
LOAD /Applications/STM32CubeIDE.app/Contents/Eclipse/plugins/com.st.stm32cube.ide.mcu.externaltools.gnu-tools-for-stm32.13.3.rel1.macos64_1.0.0.202411102158/tools/bin/../lib/gcc/arm-none-eabi/13.3.1/../../../../arm-none-eabi/lib/thumb/v7e-m+fp/hard/libc_nano.a
LOAD /Applications/STM32CubeIDE.app/Contents/Eclipse/plugins/com.st.stm32cube.ide.mcu.externaltools.gnu-tools-for-stm32.13.3.rel1.macos64_1.0.0.202411102158/tools/bin/../lib/gcc/arm-none-eabi/13.3.1/../../../../arm-none-eabi/lib/thumb/v7e-m+fp/hard/libm.a
END GROUP
START GROUP
LOAD /Applications/STM32CubeIDE.app/Contents/Eclipse/plugins/com.st.stm32cube.ide.mcu.externaltools.gnu-tools-for-stm32.13.3.rel1.macos64_1.0.0.202411102158/tools/bin/../lib/gcc/arm-none-eabi/13.3.1/thumb/v7e-m+fp/hard/libgcc.a
LOAD /Applications/STM32CubeIDE.app/Contents/Eclipse/plugins/com.st.stm32cube.ide.mcu.externaltools.gnu-tools-for-stm32.13.3.rel1.macos64_1.0.0.202411102158/tools/bin/../lib/gcc/arm-none-eabi/13.3.1/../../../../arm-none-eabi/lib/thumb/v7e-m+fp/hard/libc_nano.a
END GROUP
START GROUP
LOAD /Applications/STM32CubeIDE.app/Contents/Eclipse/plugins/com.st.stm32cube.ide.mcu.externaltools.gnu-tools-for-stm32.13.3.rel1.macos64_1.0.0.202411102158/tools/bin/../lib/gcc/arm-none-eabi/13.3.1/thumb/v7e-m+fp/hard/libgcc.a
LOAD /Applications/STM32CubeIDE.app/Contents/Eclipse/plugins/com.st.stm32cube.ide.mcu.externaltools.gnu-tools-for-stm32.13.3.rel1.macos64_1.0.0.202411102158/tools/bin/../lib/gcc/arm-none-eabi/13.3.1/../../../../arm-none-eabi/lib/thumb/v7e-m+fp/hard/libc_nano.a
LOAD /Applications/STM32CubeIDE.app/Contents/Eclipse/plugins/com.st.stm32cube.ide.mcu.externaltools.gnu-tools-for-stm32.13.3.rel1.macos64_1.0.0.202411102158/tools/bin/../lib/gcc/arm-none-eabi/13.3.1/../../../../arm-none-eabi/lib/thumb/v7e-m+fp/hard/libnosys.a
END GROUP
START GROUP
LOAD /Applications/STM32CubeIDE.app/Contents/Eclipse/plugins/com.st.stm32cube.ide.mcu.externaltools.gnu-tools-for-stm32.13.3.rel1.macos64_1.0.0.202411102158/tools/bin/../lib/gcc/arm-none-eabi/13.3.1/thumb/v7e-m+fp/hard/libgcc.a
LOAD /Applications/STM32CubeIDE.app/Contents/Eclipse/plugins/com.st.stm32cube.ide.mcu.externaltools.gnu-tools-for-stm32.13.3.rel1.macos64_1.0.0.202411102158/tools/bin/../lib/gcc/arm-none-eabi/13.3.1/../../../../arm-none-eabi/lib/thumb/v7e-m+fp/hard/libc_nano.a
LOAD /Applications/STM32CubeIDE.app/Contents/Eclipse/plugins/com.st.stm32cube.ide.mcu.externaltools.gnu-tools-for-stm32.13.3.rel1.macos64_1.0.0.202411102158/tools/bin/../lib/gcc/arm-none-eabi/13.3.1/../../../../arm-none-eabi/lib/thumb/v7e-m+fp/hard/libnosys.a
END GROUP
LOAD /Applications/STM32CubeIDE.app/Contents/Eclipse/plugins/com.st.stm32cube.ide.mcu.externaltools.gnu-tools-for-stm32.13.3.rel1.macos64_1.0.0.202411102158/tools/bin/../lib/gcc/arm-none-eabi/13.3.1/thumb/v7e-m+fp/hard/crtend.o
LOAD /Applications/STM32CubeIDE.app/Contents/Eclipse/plugins/com.st.stm32cube.ide.mcu.externaltools.gnu-tools-for-stm32.13.3.rel1.macos64_1.0.0.202411102158/tools/bin/../lib/gcc/arm-none-eabi/13.3.1/thumb/v7e-m+fp/hard/crtn.o
                0x200a0000                        _estack = (ORIGIN (RAM3) + LENGTH (RAM3))
                0x00000200                        _Min_Heap_Size = 0x200
                0x00000400                        _Min_Stack_Size = 0x400

.isr_vector     0x08000000      0x1bc
                0x08000000                        . = ALIGN (0x4)
 *(.isr_vector)
 .isr_vector    0x08000000      0x1bc ./Core/Startup/startup_stm32l4r5zitxp.o
                0x08000000                g_pfnVectors
                0x080001bc                        . = ALIGN (0x4)

.text           0x080001c0     0x9aa0
                0x080001c0                        . = ALIGN (0x4)
 *(.text)
 .text          0x080001c0       0x40 /Applications/STM32CubeIDE.app/Contents/Eclipse/plugins/com.st.stm32cube.ide.mcu.externaltools.gnu-tools-for-stm32.13.3.rel1.macos64_1.0.0.202411102158/tools/bin/../lib/gcc/arm-none-eabi/13.3.1/thumb/v7e-m+fp/hard/crtbegin.o
 .text          0x08000200       0xa0 /Applications/STM32CubeIDE.app/Contents/Eclipse/plugins/com.st.stm32cube.ide.mcu.externaltools.gnu-tools-for-stm32.13.3.rel1.macos64_1.0.0.202411102158/tools/bin/../lib/gcc/arm-none-eabi/13.3.1/../../../../arm-none-eabi/lib/thumb/v7e-m+fp/hard/libc_nano.a(libc_a-memchr.o)
                0x08000200                memchr
 .text          0x080002a0       0x30 /Applications/STM32CubeIDE.app/Contents/Eclipse/plugins/com.st.stm32cube.ide.mcu.externaltools.gnu-tools-for-stm32.13.3.rel1.macos64_1.0.0.202411102158/tools/bin/../lib/gcc/arm-none-eabi/13.3.1/thumb/v7e-m+fp/hard/libgcc.a(_aeabi_uldivmod.o)
                0x080002a0                __aeabi_uldivmod
 .text          0x080002d0      0x2f8 /Applications/STM32CubeIDE.app/Contents/Eclipse/plugins/com.st.stm32cube.ide.mcu.externaltools.gnu-tools-for-stm32.13.3.rel1.macos64_1.0.0.202411102158/tools/bin/../lib/gcc/arm-none-eabi/13.3.1/thumb/v7e-m+fp/hard/libgcc.a(_udivmoddi4.o)
                0x080002d0                __udivmoddi4
 .text          0x080005c8        0x4 /Applications/STM32CubeIDE.app/Contents/Eclipse/plugins/com.st.stm32cube.ide.mcu.externaltools.gnu-tools-for-stm32.13.3.rel1.macos64_1.0.0.202411102158/tools/bin/../lib/gcc/arm-none-eabi/13.3.1/thumb/v7e-m+fp/hard/libgcc.a(_dvmd_tls.o)
                0x080005c8                __aeabi_ldiv0
                0x080005c8                __aeabi_idiv0
 *(.text*)
 .text.default_ip_assign
                0x080005cc       0x38 ./Core/Src/dhcp.o
                0x080005cc                default_ip_assign
 .text.default_ip_update
                0x08000604       0x2c ./Core/Src/dhcp.o
                0x08000604                default_ip_update
 .text.default_ip_conflict
                0x08000630       0x28 ./Core/Src/dhcp.o
                0x08000630                default_ip_conflict
 .text.makeDHCPMSG
                0x08000658      0x1ec ./Core/Src/dhcp.o
                0x08000658                makeDHCPMSG
 .text.send_DHCP_DISCOVER
                0x08000844      0x38c ./Core/Src/dhcp.o
                0x08000844                send_DHCP_DISCOVER
 .text.send_DHCP_REQUEST
                0x08000bd0      0x514 ./Core/Src/dhcp.o
                0x08000bd0                send_DHCP_REQUEST
 .text.send_DHCP_DECLINE
                0x080010e4      0x2a4 ./Core/Src/dhcp.o
                0x080010e4                send_DHCP_DECLINE
 .text.parseDHCPMSG
                0x08001388      0x43c ./Core/Src/dhcp.o
                0x08001388                parseDHCPMSG
 .text.DHCP_run
                0x080017c4      0x234 ./Core/Src/dhcp.o
                0x080017c4                DHCP_run
 .text.check_DHCP_timeout
                0x080019f8       0xc0 ./Core/Src/dhcp.o
                0x080019f8                check_DHCP_timeout
 .text.check_DHCP_leasedIP
                0x08001ab8       0x7c ./Core/Src/dhcp.o
                0x08001ab8                check_DHCP_leasedIP
 .text.DHCP_init
                0x08001b34      0x128 ./Core/Src/dhcp.o
                0x08001b34                DHCP_init
 .text.reset_DHCP_timeout
                0x08001c5c       0x2c ./Core/Src/dhcp.o
                0x08001c5c                reset_DHCP_timeout
 .text.DHCP_time_handler
                0x08001c88       0x1c ./Core/Src/dhcp.o
                0x08001c88                DHCP_time_handler
 .text.NibbleToHex
                0x08001ca4       0x32 ./Core/Src/dhcp.o
                0x08001ca4                NibbleToHex
 *fill*         0x08001cd6        0x2 
 .text.W5500_Select
                0x08001cd8       0x18 ./Core/Src/main.o
 .text.W5500_Deselect
                0x08001cf0       0x18 ./Core/Src/main.o
 .text.spi_txrx1
                0x08001d08       0x2c ./Core/Src/main.o
 .text.HAL_GPIO_EXTI_Callback
                0x08001d34       0x1e ./Core/Src/main.o
                0x08001d34                HAL_GPIO_EXTI_Callback
 .text.W5500_ReadVersion
                0x08001d52       0x34 ./Core/Src/main.o
                0x08001d52                W5500_ReadVersion
 *fill*         0x08001d86        0x2 
 .text._write   0x08001d88       0x2c ./Core/Src/main.o
                0x08001d88                _write
 .text.main     0x08001db4       0xd0 ./Core/Src/main.o
                0x08001db4                main
 .text.SystemClock_Config
                0x08001e84       0x8c ./Core/Src/main.o
                0x08001e84                SystemClock_Config
 .text.MX_LPUART1_UART_Init
                0x08001f10       0x98 ./Core/Src/main.o
 .text.MX_SPI1_Init
                0x08001fa8       0x90 ./Core/Src/main.o
 .text.MX_GPIO_Init
                0x08002038      0x4f0 ./Core/Src/main.o
 .text.Error_Handler
                0x08002528        0xc ./Core/Src/main.o
                0x08002528                Error_Handler
 .text.wizchip_select
                0x08002534       0x18 ./Core/Src/net_w5500.o
 .text.wizchip_deselect
                0x0800254c       0x18 ./Core/Src/net_w5500.o
 .text.wizchip_read
                0x08002564       0x30 ./Core/Src/net_w5500.o
 .text.wizchip_write
                0x08002594       0x2c ./Core/Src/net_w5500.o
 .text.wizchip_readburst
                0x080025c0       0x28 ./Core/Src/net_w5500.o
 .text.wizchip_writeburst
                0x080025e8       0x28 ./Core/Src/net_w5500.o
 .text.wizchip_hw_reset
                0x08002610       0x30 ./Core/Src/net_w5500.o
 .text.w5500_chip_init
                0x08002640       0x98 ./Core/Src/net_w5500.o
                0x08002640                w5500_chip_init
 .text.net_print_info
                0x080026d8       0xe4 ./Core/Src/net_w5500.o
                0x080026d8                net_print_info
 .text.dhcp_tick_if_needed
                0x080027bc       0x34 ./Core/Src/net_w5500.o
 .text.ethernet_start
                0x080027f0       0xc8 ./Core/Src/net_w5500.o
                0x080027f0                ethernet_start
 .text.tcp_echo_task
                0x080028b8      0x146 ./Core/Src/net_w5500.o
                0x080028b8                tcp_echo_task
 .text.net_w5500_irq_handler
                0x080029fe       0x86 ./Core/Src/net_w5500.o
                0x080029fe                net_w5500_irq_handler
 .text.socket   0x08002a84      0x268 ./Core/Src/socket.o
                0x08002a84                socket
 .text.close    0x08002cec       0xdc ./Core/Src/socket.o
                0x08002cec                close
 .text.listen   0x08002dc8       0xb2 ./Core/Src/socket.o
                0x08002dc8                listen
 *fill*         0x08002e7a        0x2 
 .text.disconnect
                0x08002e7c      0x104 ./Core/Src/socket.o
                0x08002e7c                disconnect
 .text.send     0x08002f80      0x2a8 ./Core/Src/socket.o
                0x08002f80                send
 .text.recv     0x08003228      0x164 ./Core/Src/socket.o
                0x08003228                recv
 .text.sendto_W5x00
                0x0800338c       0x30 ./Core/Src/socket.o
                0x0800338c                sendto_W5x00
 .text.sendto_IO_6
                0x080033bc      0x328 ./Core/Src/socket.o
 .text.recvfrom_W5x00
                0x080036e4       0x3a ./Core/Src/socket.o
                0x080036e4                recvfrom_W5x00
 *fill*         0x0800371e        0x2 
 .text.recvfrom_IO_6
                0x08003720      0x420 ./Core/Src/socket.o
 .text.HAL_MspInit
                0x08003b40       0x48 ./Core/Src/stm32l4xx_hal_msp.o
                0x08003b40                HAL_MspInit
 .text.HAL_UART_MspInit
                0x08003b88       0xc0 ./Core/Src/stm32l4xx_hal_msp.o
                0x08003b88                HAL_UART_MspInit
 .text.HAL_SPI_MspInit
                0x08003c48       0x84 ./Core/Src/stm32l4xx_hal_msp.o
                0x08003c48                HAL_SPI_MspInit
 .text.NMI_Handler
                0x08003ccc        0x8 ./Core/Src/stm32l4xx_it.o
                0x08003ccc                NMI_Handler
 .text.HardFault_Handler
                0x08003cd4        0x8 ./Core/Src/stm32l4xx_it.o
                0x08003cd4                HardFault_Handler
 .text.MemManage_Handler
                0x08003cdc        0x8 ./Core/Src/stm32l4xx_it.o
                0x08003cdc                MemManage_Handler
 .text.BusFault_Handler
                0x08003ce4        0x8 ./Core/Src/stm32l4xx_it.o
                0x08003ce4                BusFault_Handler
 .text.UsageFault_Handler
                0x08003cec        0x8 ./Core/Src/stm32l4xx_it.o
                0x08003cec                UsageFault_Handler
 .text.SVC_Handler
                0x08003cf4        0xe ./Core/Src/stm32l4xx_it.o
                0x08003cf4                SVC_Handler
 .text.DebugMon_Handler
                0x08003d02        0xe ./Core/Src/stm32l4xx_it.o
                0x08003d02                DebugMon_Handler
 .text.PendSV_Handler
                0x08003d10        0xe ./Core/Src/stm32l4xx_it.o
                0x08003d10                PendSV_Handler
 .text.SysTick_Handler
                0x08003d1e        0xc ./Core/Src/stm32l4xx_it.o
                0x08003d1e                SysTick_Handler
 .text.EXTI15_10_IRQHandler
                0x08003d2a       0x10 ./Core/Src/stm32l4xx_it.o
                0x08003d2a                EXTI15_10_IRQHandler
 .text._read    0x08003d3a       0x3a ./Core/Src/syscalls.o
                0x08003d3a                _read
 .text._close   0x08003d74       0x18 ./Core/Src/syscalls.o
                0x08003d74                _close
 .text._fstat   0x08003d8c       0x20 ./Core/Src/syscalls.o
                0x08003d8c                _fstat
 .text._isatty  0x08003dac       0x16 ./Core/Src/syscalls.o
                0x08003dac                _isatty
 .text._lseek   0x08003dc2       0x1a ./Core/Src/syscalls.o
                0x08003dc2                _lseek
 .text._sbrk    0x08003ddc       0x6c ./Core/Src/sysmem.o
                0x08003ddc                _sbrk
 .text.SystemInit
                0x08003e48       0x24 ./Core/Src/system_stm32l4xx.o
                0x08003e48                SystemInit
 .text.WIZCHIP_READ
                0x08003e6c       0x98 ./Core/Src/w5500.o
                0x08003e6c                WIZCHIP_READ
 .text.WIZCHIP_WRITE
                0x08003f04       0x9c ./Core/Src/w5500.o
                0x08003f04                WIZCHIP_WRITE
 .text.WIZCHIP_READ_BUF
                0x08003fa0       0xc0 ./Core/Src/w5500.o
                0x08003fa0                WIZCHIP_READ_BUF
 .text.WIZCHIP_WRITE_BUF
                0x08004060       0xc0 ./Core/Src/w5500.o
                0x08004060                WIZCHIP_WRITE_BUF
 .text.getSn_TX_FSR
                0x08004120       0x92 ./Core/Src/w5500.o
                0x08004120                getSn_TX_FSR
 .text.getSn_RX_RSR
                0x080041b2       0x92 ./Core/Src/w5500.o
                0x080041b2                getSn_RX_RSR
 .text.wiz_send_data
                0x08004244       0xb4 ./Core/Src/w5500.o
                0x08004244                wiz_send_data
 .text.wiz_recv_data
                0x080042f8       0xb4 ./Core/Src/w5500.o
                0x080042f8                wiz_recv_data
 .text.wiz_recv_ignore
                0x080043ac       0x8c ./Core/Src/w5500.o
                0x080043ac                wiz_recv_ignore
 .text.wizchip_cris_enter
                0x08004438        0xe ./Core/Src/wizchip_conf.o
                0x08004438                wizchip_cris_enter
 .text.wizchip_cris_exit
                0x08004446        0xe ./Core/Src/wizchip_conf.o
                0x08004446                wizchip_cris_exit
 .text.wizchip_cs_select
                0x08004454        0xe ./Core/Src/wizchip_conf.o
                0x08004454                wizchip_cs_select
 .text.wizchip_cs_deselect
                0x08004462        0xe ./Core/Src/wizchip_conf.o
                0x08004462                wizchip_cs_deselect
 .text.wizchip_bus_readdata
                0x08004470       0x1a ./Core/Src/wizchip_conf.o
                0x08004470                wizchip_bus_readdata
 .text.wizchip_bus_writedata
                0x0800448a       0x1e ./Core/Src/wizchip_conf.o
                0x0800448a                wizchip_bus_writedata
 .text.wizchip_spi_readbyte
                0x080044a8       0x10 ./Core/Src/wizchip_conf.o
                0x080044a8                wizchip_spi_readbyte
 .text.wizchip_spi_writebyte
                0x080044b8       0x16 ./Core/Src/wizchip_conf.o
                0x080044b8                wizchip_spi_writebyte
 *fill*         0x080044ce        0x2 
 .text.wizchip_spi_readburst
                0x080044d0       0x40 ./Core/Src/wizchip_conf.o
                0x080044d0                wizchip_spi_readburst
 .text.wizchip_spi_writeburst
                0x08004510       0x40 ./Core/Src/wizchip_conf.o
                0x08004510                wizchip_spi_writeburst
 .text.reg_wizchip_cs_cbfunc
                0x08004550       0x4c ./Core/Src/wizchip_conf.o
                0x08004550                reg_wizchip_cs_cbfunc
 .text.reg_wizchip_spi_cbfunc
                0x0800459c       0x58 ./Core/Src/wizchip_conf.o
                0x0800459c                reg_wizchip_spi_cbfunc
 .text.reg_wizchip_spiburst_cbfunc
                0x080045f4       0x58 ./Core/Src/wizchip_conf.o
                0x080045f4                reg_wizchip_spiburst_cbfunc
 .text.ctlwizchip
                0x0800464c      0x1e0 ./Core/Src/wizchip_conf.o
                0x0800464c                ctlwizchip
 .text.ctlnetwork
                0x0800482c       0x7c ./Core/Src/wizchip_conf.o
                0x0800482c                ctlnetwork
 .text.wizchip_sw_reset
                0x080048a8       0x98 ./Core/Src/wizchip_conf.o
                0x080048a8                wizchip_sw_reset
 .text.wizchip_init
                0x08004940      0x118 ./Core/Src/wizchip_conf.o
                0x08004940                wizchip_init
 .text.wizchip_clrinterrupt
                0x08004a58       0x68 ./Core/Src/wizchip_conf.o
                0x08004a58                wizchip_clrinterrupt
 .text.wizchip_getinterrupt
                0x08004ac0       0x48 ./Core/Src/wizchip_conf.o
                0x08004ac0                wizchip_getinterrupt
 .text.wizchip_setinterruptmask
                0x08004b08       0x36 ./Core/Src/wizchip_conf.o
                0x08004b08                wizchip_setinterruptmask
 .text.wizchip_getinterruptmask
                0x08004b3e       0x44 ./Core/Src/wizchip_conf.o
                0x08004b3e                wizchip_getinterruptmask
 .text.wizphy_getphylink
                0x08004b82       0x2c ./Core/Src/wizchip_conf.o
                0x08004b82                wizphy_getphylink
 .text.wizphy_getphypmode
                0x08004bae       0x32 ./Core/Src/wizchip_conf.o
                0x08004bae                wizphy_getphypmode
 .text.wizphy_reset
                0x08004be0       0x4e ./Core/Src/wizchip_conf.o
                0x08004be0                wizphy_reset
 .text.wizphy_setphyconf
                0x08004c2e       0x84 ./Core/Src/wizchip_conf.o
                0x08004c2e                wizphy_setphyconf
 *fill*         0x08004cb2        0x2 
 .text.wizphy_getphyconf
                0x08004cb4       0xd4 ./Core/Src/wizchip_conf.o
                0x08004cb4                wizphy_getphyconf
 .text.wizphy_getphystat
                0x08004d88       0x3c ./Core/Src/wizchip_conf.o
                0x08004d88                wizphy_getphystat
 .text.wizphy_setphypmode
                0x08004dc4       0x94 ./Core/Src/wizchip_conf.o
                0x08004dc4                wizphy_setphypmode
 .text.wizchip_setnetinfo
                0x08004e58       0x80 ./Core/Src/wizchip_conf.o
                0x08004e58                wizchip_setnetinfo
 .text.wizchip_getnetinfo
                0x08004ed8       0x80 ./Core/Src/wizchip_conf.o
                0x08004ed8                wizchip_getnetinfo
 .text.wizchip_setnetmode
                0x08004f58       0x44 ./Core/Src/wizchip_conf.o
                0x08004f58                wizchip_setnetmode
 .text.wizchip_getnetmode
                0x08004f9c       0x10 ./Core/Src/wizchip_conf.o
                0x08004f9c                wizchip_getnetmode
 .text.wizchip_settimeout
                0x08004fac       0x42 ./Core/Src/wizchip_conf.o
                0x08004fac                wizchip_settimeout
 .text.wizchip_gettimeout
                0x08004fee       0x40 ./Core/Src/wizchip_conf.o
                0x08004fee                wizchip_gettimeout
 *fill*         0x0800502e        0x2 
 .text.Reset_Handler
                0x08005030       0x50 ./Core/Startup/startup_stm32l4r5zitxp.o
                0x08005030                Reset_Handler
 .text.Default_Handler
                0x08005080        0x2 ./Core/Startup/startup_stm32l4r5zitxp.o
                0x08005080                TIM1_BRK_TIM15_IRQHandler
                0x08005080                EXTI2_IRQHandler
                0x08005080                TIM8_TRG_COM_IRQHandler
                0x08005080                TIM8_CC_IRQHandler
                0x08005080                TIM1_CC_IRQHandler
                0x08005080                TSC_IRQHandler
                0x08005080                TAMP_STAMP_IRQHandler
                0x08005080                EXTI3_IRQHandler
                0x08005080                LPTIM2_IRQHandler
                0x08005080                DFSDM1_FLT1_IRQHandler
                0x08005080                GFXMMU_IRQHandler
                0x08005080                I2C3_ER_IRQHandler
                0x08005080                DFSDM1_FLT2_IRQHandler
                0x08005080                EXTI0_IRQHandler
                0x08005080                I2C2_EV_IRQHandler
                0x08005080                CAN1_RX0_IRQHandler
                0x08005080                FPU_IRQHandler
                0x08005080                TIM1_UP_TIM16_IRQHandler
                0x08005080                LTDC_ER_IRQHandler
                0x08005080                SPI1_IRQHandler
                0x08005080                OCTOSPI1_IRQHandler
                0x08005080                TIM6_DAC_IRQHandler
                0x08005080                DCMI_IRQHandler
                0x08005080                TIM8_UP_IRQHandler
                0x08005080                OCTOSPI2_IRQHandler
                0x08005080                DMA2_Channel2_IRQHandler
                0x08005080                DMA1_Channel4_IRQHandler
                0x08005080                SAI2_IRQHandler
                0x08005080                ADC1_IRQHandler
                0x08005080                DFSDM1_FLT3_IRQHandler
                0x08005080                USART3_IRQHandler
                0x08005080                DMA1_Channel7_IRQHandler
                0x08005080                CAN1_RX1_IRQHandler
                0x08005080                UART5_IRQHandler
                0x08005080                TIM4_IRQHandler
                0x08005080                DMA2_Channel1_IRQHandler
                0x08005080                I2C1_EV_IRQHandler
                0x08005080                DMAMUX1_OVR_IRQHandler
                0x08005080                DMA1_Channel6_IRQHandler
                0x08005080                UART4_IRQHandler
                0x08005080                DMA2_Channel4_IRQHandler
                0x08005080                TIM3_IRQHandler
                0x08005080                RCC_IRQHandler
                0x08005080                DMA1_Channel1_IRQHandler
                0x08005080                Default_Handler
                0x08005080                DMA2_Channel7_IRQHandler
                0x08005080                TIM7_IRQHandler
                0x08005080                SDMMC1_IRQHandler
                0x08005080                TIM5_IRQHandler
                0x08005080                I2C3_EV_IRQHandler
                0x08005080                EXTI9_5_IRQHandler
                0x08005080                RTC_WKUP_IRQHandler
                0x08005080                LTDC_IRQHandler
                0x08005080                PVD_PVM_IRQHandler
                0x08005080                SPI2_IRQHandler
                0x08005080                CAN1_TX_IRQHandler
                0x08005080                DMA2_Channel5_IRQHandler
                0x08005080                CRS_IRQHandler
                0x08005080                DMA1_Channel5_IRQHandler
                0x08005080                EXTI4_IRQHandler
                0x08005080                RNG_IRQHandler
                0x08005080                TIM1_TRG_COM_TIM17_IRQHandler
                0x08005080                DMA1_Channel3_IRQHandler
                0x08005080                COMP_IRQHandler
                0x08005080                WWDG_IRQHandler
                0x08005080                I2C4_EV_IRQHandler
                0x08005080                LPUART1_IRQHandler
                0x08005080                DMA2_Channel6_IRQHandler
                0x08005080                TIM2_IRQHandler
                0x08005080                DMA2D_IRQHandler
                0x08005080                EXTI1_IRQHandler
                0x08005080                USART2_IRQHandler
                0x08005080                DFSDM1_FLT0_IRQHandler
                0x08005080                I2C2_ER_IRQHandler
                0x08005080                DMA1_Channel2_IRQHandler
                0x08005080                TIM8_BRK_IRQHandler
                0x08005080                CAN1_SCE_IRQHandler
                0x08005080                FLASH_IRQHandler
                0x08005080                USART1_IRQHandler
                0x08005080                OTG_FS_IRQHandler
                0x08005080                SPI3_IRQHandler
                0x08005080                I2C1_ER_IRQHandler
                0x08005080                FMC_IRQHandler
                0x08005080                LPTIM1_IRQHandler
                0x08005080                I2C4_ER_IRQHandler
                0x08005080                SAI1_IRQHandler
                0x08005080                DMA2_Channel3_IRQHandler
                0x08005080                RTC_Alarm_IRQHandler
 .text.HAL_Init
                0x08005082       0x30 ./Drivers/STM32L4xx_HAL_Driver/Src/stm32l4xx_hal.o
                0x08005082                HAL_Init
 *fill*         0x080050b2        0x2 
 .text.HAL_InitTick
                0x080050b4       0x78 ./Drivers/STM32L4xx_HAL_Driver/Src/stm32l4xx_hal.o
                0x080050b4                HAL_InitTick
 .text.HAL_IncTick
                0x0800512c       0x28 ./Drivers/STM32L4xx_HAL_Driver/Src/stm32l4xx_hal.o
                0x0800512c                HAL_IncTick
 .text.HAL_GetTick
                0x08005154       0x18 ./Drivers/STM32L4xx_HAL_Driver/Src/stm32l4xx_hal.o
                0x08005154                HAL_GetTick
 .text.HAL_Delay
                0x0800516c       0x48 ./Drivers/STM32L4xx_HAL_Driver/Src/stm32l4xx_hal.o
                0x0800516c                HAL_Delay
 .text.__NVIC_SetPriorityGrouping
                0x080051b4       0x48 ./Drivers/STM32L4xx_HAL_Driver/Src/stm32l4xx_hal_cortex.o
 .text.__NVIC_GetPriorityGrouping
                0x080051fc       0x1c ./Drivers/STM32L4xx_HAL_Driver/Src/stm32l4xx_hal_cortex.o
 .text.__NVIC_EnableIRQ
                0x08005218       0x3c ./Drivers/STM32L4xx_HAL_Driver/Src/stm32l4xx_hal_cortex.o
 .text.__NVIC_SetPriority
                0x08005254       0x54 ./Drivers/STM32L4xx_HAL_Driver/Src/stm32l4xx_hal_cortex.o
 .text.NVIC_EncodePriority
                0x080052a8       0x66 ./Drivers/STM32L4xx_HAL_Driver/Src/stm32l4xx_hal_cortex.o
 *fill*         0x0800530e        0x2 
 .text.SysTick_Config
                0x08005310       0x44 ./Drivers/STM32L4xx_HAL_Driver/Src/stm32l4xx_hal_cortex.o
 .text.HAL_NVIC_SetPriorityGrouping
                0x08005354       0x16 ./Drivers/STM32L4xx_HAL_Driver/Src/stm32l4xx_hal_cortex.o
                0x08005354                HAL_NVIC_SetPriorityGrouping
 .text.HAL_NVIC_SetPriority
                0x0800536a       0x38 ./Drivers/STM32L4xx_HAL_Driver/Src/stm32l4xx_hal_cortex.o
                0x0800536a                HAL_NVIC_SetPriority
 .text.HAL_NVIC_EnableIRQ
                0x080053a2       0x1c ./Drivers/STM32L4xx_HAL_Driver/Src/stm32l4xx_hal_cortex.o
                0x080053a2                HAL_NVIC_EnableIRQ
 .text.HAL_SYSTICK_Config
                0x080053be       0x18 ./Drivers/STM32L4xx_HAL_Driver/Src/stm32l4xx_hal_cortex.o
                0x080053be                HAL_SYSTICK_Config
 *fill*         0x080053d6        0x2 
 .text.HAL_GPIO_Init
                0x080053d8      0x324 ./Drivers/STM32L4xx_HAL_Driver/Src/stm32l4xx_hal_gpio.o
                0x080053d8                HAL_GPIO_Init
 .text.HAL_GPIO_WritePin
                0x080056fc       0x30 ./Drivers/STM32L4xx_HAL_Driver/Src/stm32l4xx_hal_gpio.o
                0x080056fc                HAL_GPIO_WritePin
 .text.HAL_GPIO_EXTI_IRQHandler
                0x0800572c       0x30 ./Drivers/STM32L4xx_HAL_Driver/Src/stm32l4xx_hal_gpio.o
                0x0800572c                HAL_GPIO_EXTI_IRQHandler
 .text.HAL_PWREx_GetVoltageRange
                0x0800575c       0x40 ./Drivers/STM32L4xx_HAL_Driver/Src/stm32l4xx_hal_pwr_ex.o
                0x0800575c                HAL_PWREx_GetVoltageRange
 .text.HAL_PWREx_ControlVoltageScaling
                0x0800579c      0x148 ./Drivers/STM32L4xx_HAL_Driver/Src/stm32l4xx_hal_pwr_ex.o
                0x0800579c                HAL_PWREx_ControlVoltageScaling
 .text.HAL_PWREx_EnableVddIO2
                0x080058e4       0x20 ./Drivers/STM32L4xx_HAL_Driver/Src/stm32l4xx_hal_pwr_ex.o
                0x080058e4                HAL_PWREx_EnableVddIO2
 .text.HAL_RCC_OscConfig
                0x08005904      0x834 ./Drivers/STM32L4xx_HAL_Driver/Src/stm32l4xx_hal_rcc.o
                0x08005904                HAL_RCC_OscConfig
 .text.HAL_RCC_ClockConfig
                0x08006138      0x274 ./Drivers/STM32L4xx_HAL_Driver/Src/stm32l4xx_hal_rcc.o
                0x08006138                HAL_RCC_ClockConfig
 .text.HAL_RCC_GetSysClockFreq
                0x080063ac      0x118 ./Drivers/STM32L4xx_HAL_Driver/Src/stm32l4xx_hal_rcc.o
                0x080063ac                HAL_RCC_GetSysClockFreq
 .text.HAL_RCC_GetHCLKFreq
                0x080064c4       0x18 ./Drivers/STM32L4xx_HAL_Driver/Src/stm32l4xx_hal_rcc.o
                0x080064c4                HAL_RCC_GetHCLKFreq
 .text.HAL_RCC_GetPCLK1Freq
                0x080064dc       0x2c ./Drivers/STM32L4xx_HAL_Driver/Src/stm32l4xx_hal_rcc.o
                0x080064dc                HAL_RCC_GetPCLK1Freq
 .text.HAL_RCC_GetPCLK2Freq
                0x08006508       0x2c ./Drivers/STM32L4xx_HAL_Driver/Src/stm32l4xx_hal_rcc.o
                0x08006508                HAL_RCC_GetPCLK2Freq
 .text.RCC_SetFlashLatencyFromMSIRange
                0x08006534       0xb4 ./Drivers/STM32L4xx_HAL_Driver/Src/stm32l4xx_hal_rcc.o
 .text.RCC_GetSysClockFreqFromPLLSource
                0x080065e8       0xcc ./Drivers/STM32L4xx_HAL_Driver/Src/stm32l4xx_hal_rcc.o
 .text.HAL_RCCEx_PeriphCLKConfig
                0x080066b4      0x660 ./Drivers/STM32L4xx_HAL_Driver/Src/stm32l4xx_hal_rcc_ex.o
                0x080066b4                HAL_RCCEx_PeriphCLKConfig
 .text.RCCEx_PLLSAI1_Config
                0x08006d14      0x1e8 ./Drivers/STM32L4xx_HAL_Driver/Src/stm32l4xx_hal_rcc_ex.o
 .text.RCCEx_PLLSAI2_Config
                0x08006efc      0x1e8 ./Drivers/STM32L4xx_HAL_Driver/Src/stm32l4xx_hal_rcc_ex.o
 .text.HAL_SPI_Init
                0x080070e4      0x146 ./Drivers/STM32L4xx_HAL_Driver/Src/stm32l4xx_hal_spi.o
                0x080070e4                HAL_SPI_Init
 .text.HAL_SPI_Transmit
                0x0800722a      0x2ec ./Drivers/STM32L4xx_HAL_Driver/Src/stm32l4xx_hal_spi.o
                0x0800722a                HAL_SPI_Transmit
 .text.HAL_SPI_Receive
                0x08007516      0x270 ./Drivers/STM32L4xx_HAL_Driver/Src/stm32l4xx_hal_spi.o
                0x08007516                HAL_SPI_Receive
 .text.HAL_SPI_TransmitReceive
                0x08007786      0x43e ./Drivers/STM32L4xx_HAL_Driver/Src/stm32l4xx_hal_spi.o
                0x08007786                HAL_SPI_TransmitReceive
 .text.SPI_WaitFlagStateUntilTimeout
                0x08007bc4      0x110 ./Drivers/STM32L4xx_HAL_Driver/Src/stm32l4xx_hal_spi.o
 .text.SPI_WaitFifoStateUntilTimeout
                0x08007cd4      0x12c ./Drivers/STM32L4xx_HAL_Driver/Src/stm32l4xx_hal_spi.o
 .text.SPI_EndRxTransaction
                0x08007e00       0xb0 ./Drivers/STM32L4xx_HAL_Driver/Src/stm32l4xx_hal_spi.o
 .text.SPI_EndRxTxTransaction
                0x08007eb0       0x8c ./Drivers/STM32L4xx_HAL_Driver/Src/stm32l4xx_hal_spi.o
 .text.HAL_UART_Init
                0x08007f3c       0xa0 ./Drivers/STM32L4xx_HAL_Driver/Src/stm32l4xx_hal_uart.o
                0x08007f3c                HAL_UART_Init
 .text.HAL_UART_Transmit
                0x08007fdc      0x11c ./Drivers/STM32L4xx_HAL_Driver/Src/stm32l4xx_hal_uart.o
                0x08007fdc                HAL_UART_Transmit
 .text.UART_SetConfig
                0x080080f8      0x5f8 ./Drivers/STM32L4xx_HAL_Driver/Src/stm32l4xx_hal_uart.o
                0x080080f8                UART_SetConfig
 .text.UART_AdvFeatureConfig
                0x080086f0      0x144 ./Drivers/STM32L4xx_HAL_Driver/Src/stm32l4xx_hal_uart.o
                0x080086f0                UART_AdvFeatureConfig
 .text.UART_CheckIdleState
                0x08008834      0x154 ./Drivers/STM32L4xx_HAL_Driver/Src/stm32l4xx_hal_uart.o
                0x08008834                UART_CheckIdleState
 .text.UART_WaitOnFlagUntilTimeout
                0x08008988       0xda ./Drivers/STM32L4xx_HAL_Driver/Src/stm32l4xx_hal_uart.o
                0x08008988                UART_WaitOnFlagUntilTimeout
 .text.UART_EndRxTransfer
                0x08008a62       0xcc ./Drivers/STM32L4xx_HAL_Driver/Src/stm32l4xx_hal_uart.o
 .text.HAL_UARTEx_DisableFifoMode
                0x08008b2e       0x72 ./Drivers/STM32L4xx_HAL_Driver/Src/stm32l4xx_hal_uart_ex.o
                0x08008b2e                HAL_UARTEx_DisableFifoMode
 .text.HAL_UARTEx_SetTxFifoThreshold
                0x08008ba0       0x7c ./Drivers/STM32L4xx_HAL_Driver/Src/stm32l4xx_hal_uart_ex.o
                0x08008ba0                HAL_UARTEx_SetTxFifoThreshold
 .text.HAL_UARTEx_SetRxFifoThreshold
                0x08008c1c       0x7c ./Drivers/STM32L4xx_HAL_Driver/Src/stm32l4xx_hal_uart_ex.o
                0x08008c1c                HAL_UARTEx_SetRxFifoThreshold
 .text.UARTEx_SetNbDataToProcess
                0x08008c98       0x9c ./Drivers/STM32L4xx_HAL_Driver/Src/stm32l4xx_hal_uart_ex.o
 .text.std      0x08008d34       0x6c /Applications/STM32CubeIDE.app/Contents/Eclipse/plugins/com.st.stm32cube.ide.mcu.externaltools.gnu-tools-for-stm32.13.3.rel1.macos64_1.0.0.202411102158/tools/bin/../lib/gcc/arm-none-eabi/13.3.1/../../../../arm-none-eabi/lib/thumb/v7e-m+fp/hard/libc_nano.a(libc_a-findfp.o)
 .text.stdio_exit_handler
                0x08008da0       0x18 /Applications/STM32CubeIDE.app/Contents/Eclipse/plugins/com.st.stm32cube.ide.mcu.externaltools.gnu-tools-for-stm32.13.3.rel1.macos64_1.0.0.202411102158/tools/bin/../lib/gcc/arm-none-eabi/13.3.1/../../../../arm-none-eabi/lib/thumb/v7e-m+fp/hard/libc_nano.a(libc_a-findfp.o)
 .text.cleanup_stdio
                0x08008db8       0x40 /Applications/STM32CubeIDE.app/Contents/Eclipse/plugins/com.st.stm32cube.ide.mcu.externaltools.gnu-tools-for-stm32.13.3.rel1.macos64_1.0.0.202411102158/tools/bin/../lib/gcc/arm-none-eabi/13.3.1/../../../../arm-none-eabi/lib/thumb/v7e-m+fp/hard/libc_nano.a(libc_a-findfp.o)
 .text.global_stdio_init.part.0
                0x08008df8       0x3c /Applications/STM32CubeIDE.app/Contents/Eclipse/plugins/com.st.stm32cube.ide.mcu.externaltools.gnu-tools-for-stm32.13.3.rel1.macos64_1.0.0.202411102158/tools/bin/../lib/gcc/arm-none-eabi/13.3.1/../../../../arm-none-eabi/lib/thumb/v7e-m+fp/hard/libc_nano.a(libc_a-findfp.o)
 .text.__sfp_lock_acquire
                0x08008e34        0xc /Applications/STM32CubeIDE.app/Contents/Eclipse/plugins/com.st.stm32cube.ide.mcu.externaltools.gnu-tools-for-stm32.13.3.rel1.macos64_1.0.0.202411102158/tools/bin/../lib/gcc/arm-none-eabi/13.3.1/../../../../arm-none-eabi/lib/thumb/v7e-m+fp/hard/libc_nano.a(libc_a-findfp.o)
                0x08008e34                __sfp_lock_acquire
 .text.__sfp_lock_release
                0x08008e40        0xc /Applications/STM32CubeIDE.app/Contents/Eclipse/plugins/com.st.stm32cube.ide.mcu.externaltools.gnu-tools-for-stm32.13.3.rel1.macos64_1.0.0.202411102158/tools/bin/../lib/gcc/arm-none-eabi/13.3.1/../../../../arm-none-eabi/lib/thumb/v7e-m+fp/hard/libc_nano.a(libc_a-findfp.o)
                0x08008e40                __sfp_lock_release
 .text.__sinit  0x08008e4c       0x30 /Applications/STM32CubeIDE.app/Contents/Eclipse/plugins/com.st.stm32cube.ide.mcu.externaltools.gnu-tools-for-stm32.13.3.rel1.macos64_1.0.0.202411102158/tools/bin/../lib/gcc/arm-none-eabi/13.3.1/../../../../arm-none-eabi/lib/thumb/v7e-m+fp/hard/libc_nano.a(libc_a-findfp.o)
                0x08008e4c                __sinit
 .text._fwalk_sglue
                0x08008e7c       0x3c /Applications/STM32CubeIDE.app/Contents/Eclipse/plugins/com.st.stm32cube.ide.mcu.externaltools.gnu-tools-for-stm32.13.3.rel1.macos64_1.0.0.202411102158/tools/bin/../lib/gcc/arm-none-eabi/13.3.1/../../../../arm-none-eabi/lib/thumb/v7e-m+fp/hard/libc_nano.a(libc_a-fwalk.o)
                0x08008e7c                _fwalk_sglue
 .text.printf   0x08008eb8       0x24 /Applications/STM32CubeIDE.app/Contents/Eclipse/plugins/com.st.stm32cube.ide.mcu.externaltools.gnu-tools-for-stm32.13.3.rel1.macos64_1.0.0.202411102158/tools/bin/../lib/gcc/arm-none-eabi/13.3.1/../../../../arm-none-eabi/lib/thumb/v7e-m+fp/hard/libc_nano.a(libc_a-printf.o)
                0x08008eb8                printf
                0x08008eb8                iprintf
 .text._puts_r  0x08008edc       0xaa /Applications/STM32CubeIDE.app/Contents/Eclipse/plugins/com.st.stm32cube.ide.mcu.externaltools.gnu-tools-for-stm32.13.3.rel1.macos64_1.0.0.202411102158/tools/bin/../lib/gcc/arm-none-eabi/13.3.1/../../../../arm-none-eabi/lib/thumb/v7e-m+fp/hard/libc_nano.a(libc_a-puts.o)
                0x08008edc                _puts_r
 *fill*         0x08008f86        0x2 
 .text.puts     0x08008f88       0x10 /Applications/STM32CubeIDE.app/Contents/Eclipse/plugins/com.st.stm32cube.ide.mcu.externaltools.gnu-tools-for-stm32.13.3.rel1.macos64_1.0.0.202411102158/tools/bin/../lib/gcc/arm-none-eabi/13.3.1/../../../../arm-none-eabi/lib/thumb/v7e-m+fp/hard/libc_nano.a(libc_a-puts.o)
                0x08008f88                puts
 .text.memset   0x08008f98       0x10 /Applications/STM32CubeIDE.app/Contents/Eclipse/plugins/com.st.stm32cube.ide.mcu.externaltools.gnu-tools-for-stm32.13.3.rel1.macos64_1.0.0.202411102158/tools/bin/../lib/gcc/arm-none-eabi/13.3.1/../../../../arm-none-eabi/lib/thumb/v7e-m+fp/hard/libc_nano.a(libc_a-memset.o)
                0x08008f98                memset
 .text.__errno  0x08008fa8        0xc /Applications/STM32CubeIDE.app/Contents/Eclipse/plugins/com.st.stm32cube.ide.mcu.externaltools.gnu-tools-for-stm32.13.3.rel1.macos64_1.0.0.202411102158/tools/bin/../lib/gcc/arm-none-eabi/13.3.1/../../../../arm-none-eabi/lib/thumb/v7e-m+fp/hard/libc_nano.a(libc_a-errno.o)
                0x08008fa8                __errno
 .text.__libc_init_array
                0x08008fb4       0x48 /Applications/STM32CubeIDE.app/Contents/Eclipse/plugins/com.st.stm32cube.ide.mcu.externaltools.gnu-tools-for-stm32.13.3.rel1.macos64_1.0.0.202411102158/tools/bin/../lib/gcc/arm-none-eabi/13.3.1/../../../../arm-none-eabi/lib/thumb/v7e-m+fp/hard/libc_nano.a(libc_a-init.o)
                0x08008fb4                __libc_init_array
 .text.__retarget_lock_init_recursive
                0x08008ffc        0x2 /Applications/STM32CubeIDE.app/Contents/Eclipse/plugins/com.st.stm32cube.ide.mcu.externaltools.gnu-tools-for-stm32.13.3.rel1.macos64_1.0.0.202411102158/tools/bin/../lib/gcc/arm-none-eabi/13.3.1/../../../../arm-none-eabi/lib/thumb/v7e-m+fp/hard/libc_nano.a(libc_a-lock.o)
                0x08008ffc                __retarget_lock_init_recursive
 .text.__retarget_lock_acquire_recursive
                0x08008ffe        0x2 /Applications/STM32CubeIDE.app/Contents/Eclipse/plugins/com.st.stm32cube.ide.mcu.externaltools.gnu-tools-for-stm32.13.3.rel1.macos64_1.0.0.202411102158/tools/bin/../lib/gcc/arm-none-eabi/13.3.1/../../../../arm-none-eabi/lib/thumb/v7e-m+fp/hard/libc_nano.a(libc_a-lock.o)
                0x08008ffe                __retarget_lock_acquire_recursive
 .text.__retarget_lock_release_recursive
                0x08009000        0x2 /Applications/STM32CubeIDE.app/Contents/Eclipse/plugins/com.st.stm32cube.ide.mcu.externaltools.gnu-tools-for-stm32.13.3.rel1.macos64_1.0.0.202411102158/tools/bin/../lib/gcc/arm-none-eabi/13.3.1/../../../../arm-none-eabi/lib/thumb/v7e-m+fp/hard/libc_nano.a(libc_a-lock.o)
                0x08009000                __retarget_lock_release_recursive
 .text.__sfputc_r
                0x08009002       0x2e /Applications/STM32CubeIDE.app/Contents/Eclipse/plugins/com.st.stm32cube.ide.mcu.externaltools.gnu-tools-for-stm32.13.3.rel1.macos64_1.0.0.202411102158/tools/bin/../lib/gcc/arm-none-eabi/13.3.1/../../../../arm-none-eabi/lib/thumb/v7e-m+fp/hard/libc_nano.a(libc_a-nano-vfprintf.o)
 .text.__sfputs_r
                0x08009030       0x24 /Applications/STM32CubeIDE.app/Contents/Eclipse/plugins/com.st.stm32cube.ide.mcu.externaltools.gnu-tools-for-stm32.13.3.rel1.macos64_1.0.0.202411102158/tools/bin/../lib/gcc/arm-none-eabi/13.3.1/../../../../arm-none-eabi/lib/thumb/v7e-m+fp/hard/libc_nano.a(libc_a-nano-vfprintf.o)
                0x08009030                __sfputs_r
 .text._vfprintf_r
                0x08009054      0x230 /Applications/STM32CubeIDE.app/Contents/Eclipse/plugins/com.st.stm32cube.ide.mcu.externaltools.gnu-tools-for-stm32.13.3.rel1.macos64_1.0.0.202411102158/tools/bin/../lib/gcc/arm-none-eabi/13.3.1/../../../../arm-none-eabi/lib/thumb/v7e-m+fp/hard/libc_nano.a(libc_a-nano-vfprintf.o)
                0x08009054                _vfiprintf_r
                0x08009054                _vfprintf_r
 .text.sbrk_aligned
                0x08009284       0x44 /Applications/STM32CubeIDE.app/Contents/Eclipse/plugins/com.st.stm32cube.ide.mcu.externaltools.gnu-tools-for-stm32.13.3.rel1.macos64_1.0.0.202411102158/tools/bin/../lib/gcc/arm-none-eabi/13.3.1/../../../../arm-none-eabi/lib/thumb/v7e-m+fp/hard/libc_nano.a(libc_a-mallocr.o)
 .text._malloc_r
                0x080092c8      0x100 /Applications/STM32CubeIDE.app/Contents/Eclipse/plugins/com.st.stm32cube.ide.mcu.externaltools.gnu-tools-for-stm32.13.3.rel1.macos64_1.0.0.202411102158/tools/bin/../lib/gcc/arm-none-eabi/13.3.1/../../../../arm-none-eabi/lib/thumb/v7e-m+fp/hard/libc_nano.a(libc_a-mallocr.o)
                0x080092c8                _malloc_r
 .text._printf_common
                0x080093c8       0xda /Applications/STM32CubeIDE.app/Contents/Eclipse/plugins/com.st.stm32cube.ide.mcu.externaltools.gnu-tools-for-stm32.13.3.rel1.macos64_1.0.0.202411102158/tools/bin/../lib/gcc/arm-none-eabi/13.3.1/../../../../arm-none-eabi/lib/thumb/v7e-m+fp/hard/libc_nano.a(libc_a-nano-vfprintf_i.o)
                0x080093c8                _printf_common
 *fill*         0x080094a2        0x2 
 .text._printf_i
                0x080094a4      0x23c /Applications/STM32CubeIDE.app/Contents/Eclipse/plugins/com.st.stm32cube.ide.mcu.externaltools.gnu-tools-for-stm32.13.3.rel1.macos64_1.0.0.202411102158/tools/bin/../lib/gcc/arm-none-eabi/13.3.1/../../../../arm-none-eabi/lib/thumb/v7e-m+fp/hard/libc_nano.a(libc_a-nano-vfprintf_i.o)
                0x080094a4                _printf_i
 .text.__sflush_r
                0x080096e0      0x108 /Applications/STM32CubeIDE.app/Contents/Eclipse/plugins/com.st.stm32cube.ide.mcu.externaltools.gnu-tools-for-stm32.13.3.rel1.macos64_1.0.0.202411102158/tools/bin/../lib/gcc/arm-none-eabi/13.3.1/../../../../arm-none-eabi/lib/thumb/v7e-m+fp/hard/libc_nano.a(libc_a-fflush.o)
                0x080096e0                __sflush_r
 .text._fflush_r
                0x080097e8       0x50 /Applications/STM32CubeIDE.app/Contents/Eclipse/plugins/com.st.stm32cube.ide.mcu.externaltools.gnu-tools-for-stm32.13.3.rel1.macos64_1.0.0.202411102158/tools/bin/../lib/gcc/arm-none-eabi/13.3.1/../../../../arm-none-eabi/lib/thumb/v7e-m+fp/hard/libc_nano.a(libc_a-fflush.o)
                0x080097e8                _fflush_r
 .text.__malloc_lock
                0x08009838        0xc /Applications/STM32CubeIDE.app/Contents/Eclipse/plugins/com.st.stm32cube.ide.mcu.externaltools.gnu-tools-for-stm32.13.3.rel1.macos64_1.0.0.202411102158/tools/bin/../lib/gcc/arm-none-eabi/13.3.1/../../../../arm-none-eabi/lib/thumb/v7e-m+fp/hard/libc_nano.a(libc_a-mlock.o)
                0x08009838                __malloc_lock
 .text.__malloc_unlock
                0x08009844        0xc /Applications/STM32CubeIDE.app/Contents/Eclipse/plugins/com.st.stm32cube.ide.mcu.externaltools.gnu-tools-for-stm32.13.3.rel1.macos64_1.0.0.202411102158/tools/bin/../lib/gcc/arm-none-eabi/13.3.1/../../../../arm-none-eabi/lib/thumb/v7e-m+fp/hard/libc_nano.a(libc_a-mlock.o)
                0x08009844                __malloc_unlock
 .text.__sread  0x08009850       0x22 /Applications/STM32CubeIDE.app/Contents/Eclipse/plugins/com.st.stm32cube.ide.mcu.externaltools.gnu-tools-for-stm32.13.3.rel1.macos64_1.0.0.202411102158/tools/bin/../lib/gcc/arm-none-eabi/13.3.1/../../../../arm-none-eabi/lib/thumb/v7e-m+fp/hard/libc_nano.a(libc_a-stdio.o)
                0x08009850                __sread
 .text.__swrite
                0x08009872       0x38 /Applications/STM32CubeIDE.app/Contents/Eclipse/plugins/com.st.stm32cube.ide.mcu.externaltools.gnu-tools-for-stm32.13.3.rel1.macos64_1.0.0.202411102158/tools/bin/../lib/gcc/arm-none-eabi/13.3.1/../../../../arm-none-eabi/lib/thumb/v7e-m+fp/hard/libc_nano.a(libc_a-stdio.o)
                0x08009872                __swrite
 .text.__sseek  0x080098aa       0x24 /Applications/STM32CubeIDE.app/Contents/Eclipse/plugins/com.st.stm32cube.ide.mcu.externaltools.gnu-tools-for-stm32.13.3.rel1.macos64_1.0.0.202411102158/tools/bin/../lib/gcc/arm-none-eabi/13.3.1/../../../../arm-none-eabi/lib/thumb/v7e-m+fp/hard/libc_nano.a(libc_a-stdio.o)
                0x080098aa                __sseek
 .text.__sclose
                0x080098ce        0x8 /Applications/STM32CubeIDE.app/Contents/Eclipse/plugins/com.st.stm32cube.ide.mcu.externaltools.gnu-tools-for-stm32.13.3.rel1.macos64_1.0.0.202411102158/tools/bin/../lib/gcc/arm-none-eabi/13.3.1/../../../../arm-none-eabi/lib/thumb/v7e-m+fp/hard/libc_nano.a(libc_a-stdio.o)
                0x080098ce                __sclose
 .text.__swbuf_r
                0x080098d6       0x7c /Applications/STM32CubeIDE.app/Contents/Eclipse/plugins/com.st.stm32cube.ide.mcu.externaltools.gnu-tools-for-stm32.13.3.rel1.macos64_1.0.0.202411102158/tools/bin/../lib/gcc/arm-none-eabi/13.3.1/../../../../arm-none-eabi/lib/thumb/v7e-m+fp/hard/libc_nano.a(libc_a-wbuf.o)
                0x080098d6                __swbuf_r
 *fill*         0x08009952        0x2 
 .text.__swsetup_r
                0x08009954       0xac /Applications/STM32CubeIDE.app/Contents/Eclipse/plugins/com.st.stm32cube.ide.mcu.externaltools.gnu-tools-for-stm32.13.3.rel1.macos64_1.0.0.202411102158/tools/bin/../lib/gcc/arm-none-eabi/13.3.1/../../../../arm-none-eabi/lib/thumb/v7e-m+fp/hard/libc_nano.a(libc_a-wsetup.o)
                0x08009954                __swsetup_r
 .text.__swhatbuf_r
                0x08009a00       0x4c /Applications/STM32CubeIDE.app/Contents/Eclipse/plugins/com.st.stm32cube.ide.mcu.externaltools.gnu-tools-for-stm32.13.3.rel1.macos64_1.0.0.202411102158/tools/bin/../lib/gcc/arm-none-eabi/13.3.1/../../../../arm-none-eabi/lib/thumb/v7e-m+fp/hard/libc_nano.a(libc_a-makebuf.o)
                0x08009a00                __swhatbuf_r
 .text.__smakebuf_r
                0x08009a4c       0x78 /Applications/STM32CubeIDE.app/Contents/Eclipse/plugins/com.st.stm32cube.ide.mcu.externaltools.gnu-tools-for-stm32.13.3.rel1.macos64_1.0.0.202411102158/tools/bin/../lib/gcc/arm-none-eabi/13.3.1/../../../../arm-none-eabi/lib/thumb/v7e-m+fp/hard/libc_nano.a(libc_a-makebuf.o)
                0x08009a4c                __smakebuf_r
 .text._isatty_r
                0x08009ac4       0x20 /Applications/STM32CubeIDE.app/Contents/Eclipse/plugins/com.st.stm32cube.ide.mcu.externaltools.gnu-tools-for-stm32.13.3.rel1.macos64_1.0.0.202411102158/tools/bin/../lib/gcc/arm-none-eabi/13.3.1/../../../../arm-none-eabi/lib/thumb/v7e-m+fp/hard/libc_nano.a(libc_a-isattyr.o)
                0x08009ac4                _isatty_r
 .text._lseek_r
                0x08009ae4       0x24 /Applications/STM32CubeIDE.app/Contents/Eclipse/plugins/com.st.stm32cube.ide.mcu.externaltools.gnu-tools-for-stm32.13.3.rel1.macos64_1.0.0.202411102158/tools/bin/../lib/gcc/arm-none-eabi/13.3.1/../../../../arm-none-eabi/lib/thumb/v7e-m+fp/hard/libc_nano.a(libc_a-lseekr.o)
                0x08009ae4                _lseek_r
 .text._read_r  0x08009b08       0x24 /Applications/STM32CubeIDE.app/Contents/Eclipse/plugins/com.st.stm32cube.ide.mcu.externaltools.gnu-tools-for-stm32.13.3.rel1.macos64_1.0.0.202411102158/tools/bin/../lib/gcc/arm-none-eabi/13.3.1/../../../../arm-none-eabi/lib/thumb/v7e-m+fp/hard/libc_nano.a(libc_a-readr.o)
                0x08009b08                _read_r
 .text._sbrk_r  0x08009b2c       0x20 /Applications/STM32CubeIDE.app/Contents/Eclipse/plugins/com.st.stm32cube.ide.mcu.externaltools.gnu-tools-for-stm32.13.3.rel1.macos64_1.0.0.202411102158/tools/bin/../lib/gcc/arm-none-eabi/13.3.1/../../../../arm-none-eabi/lib/thumb/v7e-m+fp/hard/libc_nano.a(libc_a-sbrkr.o)
                0x08009b2c                _sbrk_r
 .text._write_r
                0x08009b4c       0x24 /Applications/STM32CubeIDE.app/Contents/Eclipse/plugins/com.st.stm32cube.ide.mcu.externaltools.gnu-tools-for-stm32.13.3.rel1.macos64_1.0.0.202411102158/tools/bin/../lib/gcc/arm-none-eabi/13.3.1/../../../../arm-none-eabi/lib/thumb/v7e-m+fp/hard/libc_nano.a(libc_a-writer.o)
                0x08009b4c                _write_r
 .text._close_r
                0x08009b70       0x20 /Applications/STM32CubeIDE.app/Contents/Eclipse/plugins/com.st.stm32cube.ide.mcu.externaltools.gnu-tools-for-stm32.13.3.rel1.macos64_1.0.0.202411102158/tools/bin/../lib/gcc/arm-none-eabi/13.3.1/../../../../arm-none-eabi/lib/thumb/v7e-m+fp/hard/libc_nano.a(libc_a-closer.o)
                0x08009b70                _close_r
 .text._fstat_r
                0x08009b90       0x24 /Applications/STM32CubeIDE.app/Contents/Eclipse/plugins/com.st.stm32cube.ide.mcu.externaltools.gnu-tools-for-stm32.13.3.rel1.macos64_1.0.0.202411102158/tools/bin/../lib/gcc/arm-none-eabi/13.3.1/../../../../arm-none-eabi/lib/thumb/v7e-m+fp/hard/libc_nano.a(libc_a-fstatr.o)
                0x08009b90                _fstat_r
 .text._free_r  0x08009bb4       0x94 /Applications/STM32CubeIDE.app/Contents/Eclipse/plugins/com.st.stm32cube.ide.mcu.externaltools.gnu-tools-for-stm32.13.3.rel1.macos64_1.0.0.202411102158/tools/bin/../lib/gcc/arm-none-eabi/13.3.1/../../../../arm-none-eabi/lib/thumb/v7e-m+fp/hard/libc_nano.a(libc_a-freer.o)
                0x08009bb4                _free_r
 *(.glue_7)
 .glue_7        0x08009c48        0x0 linker stubs
 *(.glue_7t)
 .glue_7t       0x08009c48        0x0 linker stubs
 *(.eh_frame)
 .eh_frame      0x08009c48        0x0 /Applications/STM32CubeIDE.app/Contents/Eclipse/plugins/com.st.stm32cube.ide.mcu.externaltools.gnu-tools-for-stm32.13.3.rel1.macos64_1.0.0.202411102158/tools/bin/../lib/gcc/arm-none-eabi/13.3.1/thumb/v7e-m+fp/hard/crtbegin.o
 *(.init)
 .init          0x08009c48        0x4 /Applications/STM32CubeIDE.app/Contents/Eclipse/plugins/com.st.stm32cube.ide.mcu.externaltools.gnu-tools-for-stm32.13.3.rel1.macos64_1.0.0.202411102158/tools/bin/../lib/gcc/arm-none-eabi/13.3.1/thumb/v7e-m+fp/hard/crti.o
                0x08009c48                _init
 .init          0x08009c4c        0x8 /Applications/STM32CubeIDE.app/Contents/Eclipse/plugins/com.st.stm32cube.ide.mcu.externaltools.gnu-tools-for-stm32.13.3.rel1.macos64_1.0.0.202411102158/tools/bin/../lib/gcc/arm-none-eabi/13.3.1/thumb/v7e-m+fp/hard/crtn.o
 *(.fini)
 .fini          0x08009c54        0x4 /Applications/STM32CubeIDE.app/Contents/Eclipse/plugins/com.st.stm32cube.ide.mcu.externaltools.gnu-tools-for-stm32.13.3.rel1.macos64_1.0.0.202411102158/tools/bin/../lib/gcc/arm-none-eabi/13.3.1/thumb/v7e-m+fp/hard/crti.o
                0x08009c54                _fini
 .fini          0x08009c58        0x8 /Applications/STM32CubeIDE.app/Contents/Eclipse/plugins/com.st.stm32cube.ide.mcu.externaltools.gnu-tools-for-stm32.13.3.rel1.macos64_1.0.0.202411102158/tools/bin/../lib/gcc/arm-none-eabi/13.3.1/thumb/v7e-m+fp/hard/crtn.o
                0x08009c60                        . = ALIGN (0x4)
                0x08009c60                        _etext = .

.vfp11_veneer   0x08009c60        0x0
 .vfp11_veneer  0x08009c60        0x0 linker stubs

.v4_bx          0x08009c60        0x0
 .v4_bx         0x08009c60        0x0 linker stubs

.iplt           0x08009c60        0x0
 .iplt          0x08009c60        0x0 /Applications/STM32CubeIDE.app/Contents/Eclipse/plugins/com.st.stm32cube.ide.mcu.externaltools.gnu-tools-for-stm32.13.3.rel1.macos64_1.0.0.202411102158/tools/bin/../lib/gcc/arm-none-eabi/13.3.1/thumb/v7e-m+fp/hard/crtbegin.o

.rodata         0x08009c60      0x220
                0x08009c60                        . = ALIGN (0x4)
 *(.rodata)
 .rodata        0x08009c60       0x12 ./Core/Src/dhcp.o
 *fill*         0x08009c72        0x2 
 .rodata        0x08009c74       0x4e ./Core/Src/main.o
 *fill*         0x08009cc2        0x2 
 .rodata        0x08009cc4       0xff ./Core/Src/net_w5500.o
 *(.rodata*)
 *fill*         0x08009dc3        0x1 
 .rodata.g_static_fallback
                0x08009dc4       0x17 ./Core/Src/net_w5500.o
 *fill*         0x08009ddb        0x1 
 .rodata.AHBPrescTable
                0x08009ddc       0x10 ./Core/Src/system_stm32l4xx.o
                0x08009ddc                AHBPrescTable
 .rodata.APBPrescTable
                0x08009dec        0x8 ./Core/Src/system_stm32l4xx.o
                0x08009dec                APBPrescTable
 .rodata.MSIRangeTable
                0x08009df4       0x30 ./Core/Src/system_stm32l4xx.o
                0x08009df4                MSIRangeTable
 .rodata.UARTPrescTable
                0x08009e24       0x18 ./Drivers/STM32L4xx_HAL_Driver/Src/stm32l4xx_hal_uart.o
                0x08009e24                UARTPrescTable
 .rodata.numerator.1
                0x08009e3c        0x8 ./Drivers/STM32L4xx_HAL_Driver/Src/stm32l4xx_hal_uart_ex.o
 .rodata.denominator.0
                0x08009e44        0x8 ./Drivers/STM32L4xx_HAL_Driver/Src/stm32l4xx_hal_uart_ex.o
 .rodata._vfprintf_r.str1.1
                0x08009e4c       0x33 /Applications/STM32CubeIDE.app/Contents/Eclipse/plugins/com.st.stm32cube.ide.mcu.externaltools.gnu-tools-for-stm32.13.3.rel1.macos64_1.0.0.202411102158/tools/bin/../lib/gcc/arm-none-eabi/13.3.1/../../../../arm-none-eabi/lib/thumb/v7e-m+fp/hard/libc_nano.a(libc_a-nano-vfprintf.o)
                                 0x11 (size before relaxing)
 .rodata._printf_i.str1.1
                0x08009e7f       0x22 /Applications/STM32CubeIDE.app/Contents/Eclipse/plugins/com.st.stm32cube.ide.mcu.externaltools.gnu-tools-for-stm32.13.3.rel1.macos64_1.0.0.202411102158/tools/bin/../lib/gcc/arm-none-eabi/13.3.1/../../../../arm-none-eabi/lib/thumb/v7e-m+fp/hard/libc_nano.a(libc_a-nano-vfprintf_i.o)
                0x08009ea4                        . = ALIGN (0x4)
 *fill*         0x08009e7f        0x1 

.ARM.extab      0x08009e80        0x0
                0x08009e80                        . = ALIGN (0x4)
 *(.ARM.extab* .gnu.linkonce.armextab.*)
                0x08009e80                        . = ALIGN (0x4)

.ARM            0x08009e80        0x8
                0x08009e80                        . = ALIGN (0x4)
                0x08009e80                        __exidx_start = .
 *(.ARM.exidx*)
 .ARM.exidx     0x08009e80        0x8 /Applications/STM32CubeIDE.app/Contents/Eclipse/plugins/com.st.stm32cube.ide.mcu.externaltools.gnu-tools-for-stm32.13.3.rel1.macos64_1.0.0.202411102158/tools/bin/../lib/gcc/arm-none-eabi/13.3.1/../../../../arm-none-eabi/lib/thumb/v7e-m+fp/hard/libc_nano.a(libc_a-memchr.o)
 .ARM.exidx     0x08009e88        0x0 /Applications/STM32CubeIDE.app/Contents/Eclipse/plugins/com.st.stm32cube.ide.mcu.externaltools.gnu-tools-for-stm32.13.3.rel1.macos64_1.0.0.202411102158/tools/bin/../lib/gcc/arm-none-eabi/13.3.1/thumb/v7e-m+fp/hard/libgcc.a(_udivmoddi4.o)
                                  0x8 (size before relaxing)
                0x08009e88                        __exidx_end = .
                0x08009e88                        . = ALIGN (0x4)

.preinit_array  0x08009e88        0x0
                0x08009e88                        . = ALIGN (0x4)
                0x08009e88                        PROVIDE (__preinit_array_start = .)
 *(.preinit_array*)
                0x08009e88                        PROVIDE (__preinit_array_end = .)
                0x08009e88                        . = ALIGN (0x4)

.init_array     0x08009e88        0x4
                0x08009e88                        . = ALIGN (0x4)
                0x08009e88                        PROVIDE (__init_array_start = .)
 *(SORT_BY_NAME(.init_array.*))
 *(.init_array*)
 .init_array    0x08009e88        0x4 /Applications/STM32CubeIDE.app/Contents/Eclipse/plugins/com.st.stm32cube.ide.mcu.externaltools.gnu-tools-for-stm32.13.3.rel1.macos64_1.0.0.202411102158/tools/bin/../lib/gcc/arm-none-eabi/13.3.1/thumb/v7e-m+fp/hard/crtbegin.o
                0x08009e8c                        PROVIDE (__init_array_end = .)
                0x08009e8c                        . = ALIGN (0x4)

.fini_array     0x08009e8c        0x4
                0x08009e8c                        . = ALIGN (0x4)
                [!provide]                        PROVIDE (__fini_array_start = .)
 *(SORT_BY_NAME(.fini_array.*))
 *(.fini_array*)
 .fini_array    0x08009e8c        0x4 /Applications/STM32CubeIDE.app/Contents/Eclipse/plugins/com.st.stm32cube.ide.mcu.externaltools.gnu-tools-for-stm32.13.3.rel1.macos64_1.0.0.202411102158/tools/bin/../lib/gcc/arm-none-eabi/13.3.1/thumb/v7e-m+fp/hard/crtbegin.o
                [!provide]                        PROVIDE (__fini_array_end = .)
                0x08009e90                        . = ALIGN (0x4)
                0x08009e90                        _sidata = LOADADDR (.data)

.rel.dyn        0x08009e90        0x0
 .rel.iplt      0x08009e90        0x0 /Applications/STM32CubeIDE.app/Contents/Eclipse/plugins/com.st.stm32cube.ide.mcu.externaltools.gnu-tools-for-stm32.13.3.rel1.macos64_1.0.0.202411102158/tools/bin/../lib/gcc/arm-none-eabi/13.3.1/thumb/v7e-m+fp/hard/crtbegin.o

.data           0x20040000       0xcc load address 0x08009e90
                0x20040000                        . = ALIGN (0x4)
                0x20040000                        _sdata = .
 *(.data)
 *(.data*)
 .data.dhcp_lease_time
                0x20040000        0x4 ./Core/Src/dhcp.o
                0x20040000                dhcp_lease_time
 .data.dhcp_tick_next
                0x20040004        0x4 ./Core/Src/dhcp.o
                0x20040004                dhcp_tick_next
 .data.HOST_NAME
                0x20040008        0x8 ./Core/Src/dhcp.o
                0x20040008                HOST_NAME
 .data.dhcp_ip_assign
                0x20040010        0x4 ./Core/Src/dhcp.o
                0x20040010                dhcp_ip_assign
 .data.dhcp_ip_update
                0x20040014        0x4 ./Core/Src/dhcp.o
                0x20040014                dhcp_ip_update
 .data.dhcp_ip_conflict
                0x20040018        0x4 ./Core/Src/dhcp.o
                0x20040018                dhcp_ip_conflict
 .data.g_netinfo
                0x2004001c       0x17 ./Core/Src/net_w5500.o
 *fill*         0x20040033        0x1 
 .data.sock_any_port
                0x20040034        0x2 ./Core/Src/socket.o
 *fill*         0x20040036        0x2 
 .data.SystemCoreClock
                0x20040038        0x4 ./Core/Src/system_stm32l4xx.o
                0x20040038                SystemCoreClock
 .data.WIZCHIP  0x2004003c       0x2c ./Core/Src/wizchip_conf.o
                0x2004003c                WIZCHIP
 .data.uwTickPrio
                0x20040068        0x4 ./Drivers/STM32L4xx_HAL_Driver/Src/stm32l4xx_hal.o
                0x20040068                uwTickPrio
 .data.uwTickFreq
                0x2004006c        0x1 ./Drivers/STM32L4xx_HAL_Driver/Src/stm32l4xx_hal.o
                0x2004006c                uwTickFreq
 *fill*         0x2004006d        0x3 
 .data.__sglue  0x20040070        0xc /Applications/STM32CubeIDE.app/Contents/Eclipse/plugins/com.st.stm32cube.ide.mcu.externaltools.gnu-tools-for-stm32.13.3.rel1.macos64_1.0.0.202411102158/tools/bin/../lib/gcc/arm-none-eabi/13.3.1/../../../../arm-none-eabi/lib/thumb/v7e-m+fp/hard/libc_nano.a(libc_a-findfp.o)
                0x20040070                __sglue
 .data._impure_ptr
                0x2004007c        0x4 /Applications/STM32CubeIDE.app/Contents/Eclipse/plugins/com.st.stm32cube.ide.mcu.externaltools.gnu-tools-for-stm32.13.3.rel1.macos64_1.0.0.202411102158/tools/bin/../lib/gcc/arm-none-eabi/13.3.1/../../../../arm-none-eabi/lib/thumb/v7e-m+fp/hard/libc_nano.a(libc_a-impure.o)
                0x2004007c                _impure_ptr
 .data._impure_data
                0x20040080       0x4c /Applications/STM32CubeIDE.app/Contents/Eclipse/plugins/com.st.stm32cube.ide.mcu.externaltools.gnu-tools-for-stm32.13.3.rel1.macos64_1.0.0.202411102158/tools/bin/../lib/gcc/arm-none-eabi/13.3.1/../../../../arm-none-eabi/lib/thumb/v7e-m+fp/hard/libc_nano.a(libc_a-impure.o)
                0x20040080                _impure_data
 *(.RamFunc)
 *(.RamFunc*)
                0x200400cc                        . = ALIGN (0x4)
                0x200400cc                        _edata = .

.igot.plt       0x200400cc        0x0 load address 0x08009f5c
 .igot.plt      0x200400cc        0x0 /Applications/STM32CubeIDE.app/Contents/Eclipse/plugins/com.st.stm32cube.ide.mcu.externaltools.gnu-tools-for-stm32.13.3.rel1.macos64_1.0.0.202411102158/tools/bin/../lib/gcc/arm-none-eabi/13.3.1/thumb/v7e-m+fp/hard/crtbegin.o
                0x200400cc                        . = ALIGN (0x4)

.bss            0x200400cc      0x4e8 load address 0x08009f5c
                0x200400cc                        _sbss = .
                0x200400cc                        __bss_start__ = _sbss
 *(.bss)
 .bss           0x200400cc       0x1c /Applications/STM32CubeIDE.app/Contents/Eclipse/plugins/com.st.stm32cube.ide.mcu.externaltools.gnu-tools-for-stm32.13.3.rel1.macos64_1.0.0.202411102158/tools/bin/../lib/gcc/arm-none-eabi/13.3.1/thumb/v7e-m+fp/hard/crtbegin.o
 *(.bss*)
 .bss.DHCP_SOCKET
                0x200400e8        0x1 ./Core/Src/dhcp.o
                0x200400e8                DHCP_SOCKET
 *fill*         0x200400e9        0x3 
 .bss.DHCP_SIP  0x200400ec        0x4 ./Core/Src/dhcp.o
                0x200400ec                DHCP_SIP
 .bss.DHCP_REAL_SIP
                0x200400f0        0x4 ./Core/Src/dhcp.o
                0x200400f0                DHCP_REAL_SIP
 .bss.OLD_allocated_ip
                0x200400f4        0x4 ./Core/Src/dhcp.o
                0x200400f4                OLD_allocated_ip
 .bss.DHCP_allocated_ip
                0x200400f8        0x4 ./Core/Src/dhcp.o
                0x200400f8                DHCP_allocated_ip
 .bss.DHCP_allocated_gw
                0x200400fc        0x4 ./Core/Src/dhcp.o
                0x200400fc                DHCP_allocated_gw
 .bss.DHCP_allocated_sn
                0x20040100        0x4 ./Core/Src/dhcp.o
                0x20040100                DHCP_allocated_sn
 .bss.DHCP_allocated_dns
                0x20040104        0x4 ./Core/Src/dhcp.o
                0x20040104                DHCP_allocated_dns
 .bss.dhcp_state
                0x20040108        0x1 ./Core/Src/dhcp.o
                0x20040108                dhcp_state
 .bss.dhcp_retry_count
                0x20040109        0x1 ./Core/Src/dhcp.o
                0x20040109                dhcp_retry_count
 *fill*         0x2004010a        0x2 
 .bss.dhcp_tick_1s
                0x2004010c        0x4 ./Core/Src/dhcp.o
                0x2004010c                dhcp_tick_1s
 .bss.DHCP_XID  0x20040110        0x4 ./Core/Src/dhcp.o
                0x20040110                DHCP_XID
 .bss.pDHCPMSG  0x20040114        0x4 ./Core/Src/dhcp.o
                0x20040114                pDHCPMSG
 .bss.DHCP_CHADDR
                0x20040118        0x6 ./Core/Src/dhcp.o
                0x20040118                DHCP_CHADDR
 *fill*         0x2004011e        0x2 
 .bss.hlpuart1  0x20040120       0x94 ./Core/Src/main.o
                0x20040120                hlpuart1
 .bss.hspi1     0x200401b4       0x64 ./Core/Src/main.o
                0x200401b4                hspi1
 .bss.dhcp_workbuf
                0x20040218      0x224 ./Core/Src/net_w5500.o
 .bss.sock_io_mode
                0x2004043c        0x2 ./Core/Src/socket.o
 .bss.sock_is_sending
                0x2004043e        0x2 ./Core/Src/socket.o
 .bss.sock_remained_size
                0x20040440       0x10 ./Core/Src/socket.o
 .bss.sock_pack_info
                0x20040450        0x8 ./Core/Src/socket.o
                0x20040450                sock_pack_info
 .bss.__sbrk_heap_end
                0x20040458        0x4 ./Core/Src/sysmem.o
 .bss._DNS_     0x2004045c        0x4 ./Core/Src/wizchip_conf.o
 .bss._DHCP_    0x20040460        0x1 ./Core/Src/wizchip_conf.o
 *fill*         0x20040461        0x3 
 .bss.uwTick    0x20040464        0x4 ./Drivers/STM32L4xx_HAL_Driver/Src/stm32l4xx_hal.o
                0x20040464                uwTick
 .bss.__sf      0x20040468      0x138 /Applications/STM32CubeIDE.app/Contents/Eclipse/plugins/com.st.stm32cube.ide.mcu.externaltools.gnu-tools-for-stm32.13.3.rel1.macos64_1.0.0.202411102158/tools/bin/../lib/gcc/arm-none-eabi/13.3.1/../../../../arm-none-eabi/lib/thumb/v7e-m+fp/hard/libc_nano.a(libc_a-findfp.o)
                0x20040468                __sf
 .bss.__stdio_exit_handler
                0x200405a0        0x4 /Applications/STM32CubeIDE.app/Contents/Eclipse/plugins/com.st.stm32cube.ide.mcu.externaltools.gnu-tools-for-stm32.13.3.rel1.macos64_1.0.0.202411102158/tools/bin/../lib/gcc/arm-none-eabi/13.3.1/../../../../arm-none-eabi/lib/thumb/v7e-m+fp/hard/libc_nano.a(libc_a-findfp.o)
                0x200405a0                __stdio_exit_handler
 .bss.__lock___malloc_recursive_mutex
                0x200405a4        0x1 /Applications/STM32CubeIDE.app/Contents/Eclipse/plugins/com.st.stm32cube.ide.mcu.externaltools.gnu-tools-for-stm32.13.3.rel1.macos64_1.0.0.202411102158/tools/bin/../lib/gcc/arm-none-eabi/13.3.1/../../../../arm-none-eabi/lib/thumb/v7e-m+fp/hard/libc_nano.a(libc_a-lock.o)
                0x200405a4                __lock___malloc_recursive_mutex
 .bss.__lock___sfp_recursive_mutex
                0x200405a5        0x1 /Applications/STM32CubeIDE.app/Contents/Eclipse/plugins/com.st.stm32cube.ide.mcu.externaltools.gnu-tools-for-stm32.13.3.rel1.macos64_1.0.0.202411102158/tools/bin/../lib/gcc/arm-none-eabi/13.3.1/../../../../arm-none-eabi/lib/thumb/v7e-m+fp/hard/libc_nano.a(libc_a-lock.o)
                0x200405a5                __lock___sfp_recursive_mutex
 *fill*         0x200405a6        0x2 
 .bss.__malloc_sbrk_start
                0x200405a8        0x4 /Applications/STM32CubeIDE.app/Contents/Eclipse/plugins/com.st.stm32cube.ide.mcu.externaltools.gnu-tools-for-stm32.13.3.rel1.macos64_1.0.0.202411102158/tools/bin/../lib/gcc/arm-none-eabi/13.3.1/../../../../arm-none-eabi/lib/thumb/v7e-m+fp/hard/libc_nano.a(libc_a-mallocr.o)
                0x200405a8                __malloc_sbrk_start
 .bss.__malloc_free_list
                0x200405ac        0x4 /Applications/STM32CubeIDE.app/Contents/Eclipse/plugins/com.st.stm32cube.ide.mcu.externaltools.gnu-tools-for-stm32.13.3.rel1.macos64_1.0.0.202411102158/tools/bin/../lib/gcc/arm-none-eabi/13.3.1/../../../../arm-none-eabi/lib/thumb/v7e-m+fp/hard/libc_nano.a(libc_a-mallocr.o)
                0x200405ac                __malloc_free_list
 .bss.errno     0x200405b0        0x4 /Applications/STM32CubeIDE.app/Contents/Eclipse/plugins/com.st.stm32cube.ide.mcu.externaltools.gnu-tools-for-stm32.13.3.rel1.macos64_1.0.0.202411102158/tools/bin/../lib/gcc/arm-none-eabi/13.3.1/../../../../arm-none-eabi/lib/thumb/v7e-m+fp/hard/libc_nano.a(libc_a-reent.o)
                0x200405b0                errno
 *(COMMON)
                0x200405b4                        . = ALIGN (0x4)
                0x200405b4                        _ebss = .
                0x200405b4                        __bss_end__ = _ebss

._user_heap_stack
                0x200405b4      0x604 load address 0x08009f5c
                0x200405b8                        . = ALIGN (0x8)
 *fill*         0x200405b4        0x4 
                [!provide]                        PROVIDE (end = .)
                0x200405b8                        PROVIDE (_end = .)
                0x200407b8                        . = (. + _Min_Heap_Size)
 *fill*         0x200405b8      0x200 
                0x20040bb8                        . = (. + _Min_Stack_Size)
 *fill*         0x200407b8      0x400 
                0x20040bb8                        . = ALIGN (0x8)

/DISCARD/
 libc.a(*)
 libm.a(*)
 libgcc.a(*)

.ARM.attributes
                0x00000000       0x30
 *(.ARM.attributes)
 .ARM.attributes
                0x00000000       0x22 /Applications/STM32CubeIDE.app/Contents/Eclipse/plugins/com.st.stm32cube.ide.mcu.externaltools.gnu-tools-for-stm32.13.3.rel1.macos64_1.0.0.202411102158/tools/bin/../lib/gcc/arm-none-eabi/13.3.1/thumb/v7e-m+fp/hard/crti.o
 .ARM.attributes
                0x00000022       0x34 /Applications/STM32CubeIDE.app/Contents/Eclipse/plugins/com.st.stm32cube.ide.mcu.externaltools.gnu-tools-for-stm32.13.3.rel1.macos64_1.0.0.202411102158/tools/bin/../lib/gcc/arm-none-eabi/13.3.1/thumb/v7e-m+fp/hard/crtbegin.o
 .ARM.attributes
                0x00000056       0x34 ./Core/Src/dhcp.o
 .ARM.attributes
                0x0000008a       0x34 ./Core/Src/main.o
 .ARM.attributes
                0x000000be       0x34 ./Core/Src/net_w5500.o
 .ARM.attributes
                0x000000f2       0x34 ./Core/Src/socket.o
 .ARM.attributes
                0x00000126       0x34 ./Core/Src/stm32l4xx_hal_msp.o
 .ARM.attributes
                0x0000015a       0x34 ./Core/Src/stm32l4xx_it.o
 .ARM.attributes
                0x0000018e       0x34 ./Core/Src/syscalls.o
 .ARM.attributes
                0x000001c2       0x34 ./Core/Src/sysmem.o
 .ARM.attributes
                0x000001f6       0x34 ./Core/Src/system_stm32l4xx.o
 .ARM.attributes
                0x0000022a       0x34 ./Core/Src/w5500.o
 .ARM.attributes
                0x0000025e       0x34 ./Core/Src/wizchip_conf.o
 .ARM.attributes
                0x00000292       0x21 ./Core/Startup/startup_stm32l4r5zitxp.o
 .ARM.attributes
                0x000002b3       0x34 ./Drivers/STM32L4xx_HAL_Driver/Src/stm32l4xx_hal.o
 .ARM.attributes
                0x000002e7       0x34 ./Drivers/STM32L4xx_HAL_Driver/Src/stm32l4xx_hal_cortex.o
 .ARM.attributes
                0x0000031b       0x34 ./Drivers/STM32L4xx_HAL_Driver/Src/stm32l4xx_hal_gpio.o
 .ARM.attributes
                0x0000034f       0x34 ./Drivers/STM32L4xx_HAL_Driver/Src/stm32l4xx_hal_pwr_ex.o
 .ARM.attributes
                0x00000383       0x34 ./Drivers/STM32L4xx_HAL_Driver/Src/stm32l4xx_hal_rcc.o
 .ARM.attributes
                0x000003b7       0x34 ./Drivers/STM32L4xx_HAL_Driver/Src/stm32l4xx_hal_rcc_ex.o
 .ARM.attributes
                0x000003eb       0x34 ./Drivers/STM32L4xx_HAL_Driver/Src/stm32l4xx_hal_spi.o
 .ARM.attributes
                0x0000041f       0x34 ./Drivers/STM32L4xx_HAL_Driver/Src/stm32l4xx_hal_uart.o
 .ARM.attributes
                0x00000453       0x34 ./Drivers/STM32L4xx_HAL_Driver/Src/stm32l4xx_hal_uart_ex.o
 .ARM.attributes
                0x00000487       0x34 /Applications/STM32CubeIDE.app/Contents/Eclipse/plugins/com.st.stm32cube.ide.mcu.externaltools.gnu-tools-for-stm32.13.3.rel1.macos64_1.0.0.202411102158/tools/bin/../lib/gcc/arm-none-eabi/13.3.1/../../../../arm-none-eabi/lib/thumb/v7e-m+fp/hard/libc_nano.a(libc_a-findfp.o)
 .ARM.attributes
                0x000004bb       0x34 /Applications/STM32CubeIDE.app/Contents/Eclipse/plugins/com.st.stm32cube.ide.mcu.externaltools.gnu-tools-for-stm32.13.3.rel1.macos64_1.0.0.202411102158/tools/bin/../lib/gcc/arm-none-eabi/13.3.1/../../../../arm-none-eabi/lib/thumb/v7e-m+fp/hard/libc_nano.a(libc_a-fwalk.o)
 .ARM.attributes
                0x000004ef       0x34 /Applications/STM32CubeIDE.app/Contents/Eclipse/plugins/com.st.stm32cube.ide.mcu.externaltools.gnu-tools-for-stm32.13.3.rel1.macos64_1.0.0.202411102158/tools/bin/../lib/gcc/arm-none-eabi/13.3.1/../../../../arm-none-eabi/lib/thumb/v7e-m+fp/hard/libc_nano.a(libc_a-printf.o)
 .ARM.attributes
                0x00000523       0x34 /Applications/STM32CubeIDE.app/Contents/Eclipse/plugins/com.st.stm32cube.ide.mcu.externaltools.gnu-tools-for-stm32.13.3.rel1.macos64_1.0.0.202411102158/tools/bin/../lib/gcc/arm-none-eabi/13.3.1/../../../../arm-none-eabi/lib/thumb/v7e-m+fp/hard/libc_nano.a(libc_a-puts.o)
 .ARM.attributes
                0x00000557       0x34 /Applications/STM32CubeIDE.app/Contents/Eclipse/plugins/com.st.stm32cube.ide.mcu.externaltools.gnu-tools-for-stm32.13.3.rel1.macos64_1.0.0.202411102158/tools/bin/../lib/gcc/arm-none-eabi/13.3.1/../../../../arm-none-eabi/lib/thumb/v7e-m+fp/hard/libc_nano.a(libc_a-memset.o)
 .ARM.attributes
                0x0000058b       0x34 /Applications/STM32CubeIDE.app/Contents/Eclipse/plugins/com.st.stm32cube.ide.mcu.externaltools.gnu-tools-for-stm32.13.3.rel1.macos64_1.0.0.202411102158/tools/bin/../lib/gcc/arm-none-eabi/13.3.1/../../../../arm-none-eabi/lib/thumb/v7e-m+fp/hard/libc_nano.a(libc_a-errno.o)
 .ARM.attributes
                0x000005bf       0x34 /Applications/STM32CubeIDE.app/Contents/Eclipse/plugins/com.st.stm32cube.ide.mcu.externaltools.gnu-tools-for-stm32.13.3.rel1.macos64_1.0.0.202411102158/tools/bin/../lib/gcc/arm-none-eabi/13.3.1/../../../../arm-none-eabi/lib/thumb/v7e-m+fp/hard/libc_nano.a(libc_a-init.o)
 .ARM.attributes
                0x000005f3       0x34 /Applications/STM32CubeIDE.app/Contents/Eclipse/plugins/com.st.stm32cube.ide.mcu.externaltools.gnu-tools-for-stm32.13.3.rel1.macos64_1.0.0.202411102158/tools/bin/../lib/gcc/arm-none-eabi/13.3.1/../../../../arm-none-eabi/lib/thumb/v7e-m+fp/hard/libc_nano.a(libc_a-lock.o)
 .ARM.attributes
                0x00000627       0x34 /Applications/STM32CubeIDE.app/Contents/Eclipse/plugins/com.st.stm32cube.ide.mcu.externaltools.gnu-tools-for-stm32.13.3.rel1.macos64_1.0.0.202411102158/tools/bin/../lib/gcc/arm-none-eabi/13.3.1/../../../../arm-none-eabi/lib/thumb/v7e-m+fp/hard/libc_nano.a(libc_a-impure.o)
 .ARM.attributes
                0x0000065b       0x34 /Applications/STM32CubeIDE.app/Contents/Eclipse/plugins/com.st.stm32cube.ide.mcu.externaltools.gnu-tools-for-stm32.13.3.rel1.macos64_1.0.0.202411102158/tools/bin/../lib/gcc/arm-none-eabi/13.3.1/../../../../arm-none-eabi/lib/thumb/v7e-m+fp/hard/libc_nano.a(libc_a-nano-vfprintf.o)
 .ARM.attributes
                0x0000068f       0x34 /Applications/STM32CubeIDE.app/Contents/Eclipse/plugins/com.st.stm32cube.ide.mcu.externaltools.gnu-tools-for-stm32.13.3.rel1.macos64_1.0.0.202411102158/tools/bin/../lib/gcc/arm-none-eabi/13.3.1/../../../../arm-none-eabi/lib/thumb/v7e-m+fp/hard/libc_nano.a(libc_a-mallocr.o)
 .ARM.attributes
                0x000006c3       0x34 /Applications/STM32CubeIDE.app/Contents/Eclipse/plugins/com.st.stm32cube.ide.mcu.externaltools.gnu-tools-for-stm32.13.3.rel1.macos64_1.0.0.202411102158/tools/bin/../lib/gcc/arm-none-eabi/13.3.1/../../../../arm-none-eabi/lib/thumb/v7e-m+fp/hard/libc_nano.a(libc_a-nano-vfprintf_i.o)
 .ARM.attributes
                0x000006f7       0x34 /Applications/STM32CubeIDE.app/Contents/Eclipse/plugins/com.st.stm32cube.ide.mcu.externaltools.gnu-tools-for-stm32.13.3.rel1.macos64_1.0.0.202411102158/tools/bin/../lib/gcc/arm-none-eabi/13.3.1/../../../../arm-none-eabi/lib/thumb/v7e-m+fp/hard/libc_nano.a(libc_a-fflush.o)
 .ARM.attributes
                0x0000072b       0x34 /Applications/STM32CubeIDE.app/Contents/Eclipse/plugins/com.st.stm32cube.ide.mcu.externaltools.gnu-tools-for-stm32.13.3.rel1.macos64_1.0.0.202411102158/tools/bin/../lib/gcc/arm-none-eabi/13.3.1/../../../../arm-none-eabi/lib/thumb/v7e-m+fp/hard/libc_nano.a(libc_a-mlock.o)
 .ARM.attributes
                0x0000075f       0x34 /Applications/STM32CubeIDE.app/Contents/Eclipse/plugins/com.st.stm32cube.ide.mcu.externaltools.gnu-tools-for-stm32.13.3.rel1.macos64_1.0.0.202411102158/tools/bin/../lib/gcc/arm-none-eabi/13.3.1/../../../../arm-none-eabi/lib/thumb/v7e-m+fp/hard/libc_nano.a(libc_a-stdio.o)
 .ARM.attributes
                0x00000793       0x34 /Applications/STM32CubeIDE.app/Contents/Eclipse/plugins/com.st.stm32cube.ide.mcu.externaltools.gnu-tools-for-stm32.13.3.rel1.macos64_1.0.0.202411102158/tools/bin/../lib/gcc/arm-none-eabi/13.3.1/../../../../arm-none-eabi/lib/thumb/v7e-m+fp/hard/libc_nano.a(libc_a-wbuf.o)
 .ARM.attributes
                0x000007c7       0x34 /Applications/STM32CubeIDE.app/Contents/Eclipse/plugins/com.st.stm32cube.ide.mcu.externaltools.gnu-tools-for-stm32.13.3.rel1.macos64_1.0.0.202411102158/tools/bin/../lib/gcc/arm-none-eabi/13.3.1/../../../../arm-none-eabi/lib/thumb/v7e-m+fp/hard/libc_nano.a(libc_a-wsetup.o)
 .ARM.attributes
                0x000007fb       0x34 /Applications/STM32CubeIDE.app/Contents/Eclipse/plugins/com.st.stm32cube.ide.mcu.externaltools.gnu-tools-for-stm32.13.3.rel1.macos64_1.0.0.202411102158/tools/bin/../lib/gcc/arm-none-eabi/13.3.1/../../../../arm-none-eabi/lib/thumb/v7e-m+fp/hard/libc_nano.a(libc_a-makebuf.o)
 .ARM.attributes
                0x0000082f       0x34 /Applications/STM32CubeIDE.app/Contents/Eclipse/plugins/com.st.stm32cube.ide.mcu.externaltools.gnu-tools-for-stm32.13.3.rel1.macos64_1.0.0.202411102158/tools/bin/../lib/gcc/arm-none-eabi/13.3.1/../../../../arm-none-eabi/lib/thumb/v7e-m+fp/hard/libc_nano.a(libc_a-isattyr.o)
 .ARM.attributes
                0x00000863       0x34 /Applications/STM32CubeIDE.app/Contents/Eclipse/plugins/com.st.stm32cube.ide.mcu.externaltools.gnu-tools-for-stm32.13.3.rel1.macos64_1.0.0.202411102158/tools/bin/../lib/gcc/arm-none-eabi/13.3.1/../../../../arm-none-eabi/lib/thumb/v7e-m+fp/hard/libc_nano.a(libc_a-lseekr.o)
 .ARM.attributes
                0x00000897       0x34 /Applications/STM32CubeIDE.app/Contents/Eclipse/plugins/com.st.stm32cube.ide.mcu.externaltools.gnu-tools-for-stm32.13.3.rel1.macos64_1.0.0.202411102158/tools/bin/../lib/gcc/arm-none-eabi/13.3.1/../../../../arm-none-eabi/lib/thumb/v7e-m+fp/hard/libc_nano.a(libc_a-readr.o)
 .ARM.attributes
                0x000008cb       0x34 /Applications/STM32CubeIDE.app/Contents/Eclipse/plugins/com.st.stm32cube.ide.mcu.externaltools.gnu-tools-for-stm32.13.3.rel1.macos64_1.0.0.202411102158/tools/bin/../lib/gcc/arm-none-eabi/13.3.1/../../../../arm-none-eabi/lib/thumb/v7e-m+fp/hard/libc_nano.a(libc_a-sbrkr.o)
 .ARM.attributes
                0x000008ff       0x34 /Applications/STM32CubeIDE.app/Contents/Eclipse/plugins/com.st.stm32cube.ide.mcu.externaltools.gnu-tools-for-stm32.13.3.rel1.macos64_1.0.0.202411102158/tools/bin/../lib/gcc/arm-none-eabi/13.3.1/../../../../arm-none-eabi/lib/thumb/v7e-m+fp/hard/libc_nano.a(libc_a-writer.o)
 .ARM.attributes
                0x00000933       0x34 /Applications/STM32CubeIDE.app/Contents/Eclipse/plugins/com.st.stm32cube.ide.mcu.externaltools.gnu-tools-for-stm32.13.3.rel1.macos64_1.0.0.202411102158/tools/bin/../lib/gcc/arm-none-eabi/13.3.1/../../../../arm-none-eabi/lib/thumb/v7e-m+fp/hard/libc_nano.a(libc_a-closer.o)
 .ARM.attributes
                0x00000967       0x34 /Applications/STM32CubeIDE.app/Contents/Eclipse/plugins/com.st.stm32cube.ide.mcu.externaltools.gnu-tools-for-stm32.13.3.rel1.macos64_1.0.0.202411102158/tools/bin/../lib/gcc/arm-none-eabi/13.3.1/../../../../arm-none-eabi/lib/thumb/v7e-m+fp/hard/libc_nano.a(libc_a-reent.o)
 .ARM.attributes
                0x0000099b       0x34 /Applications/STM32CubeIDE.app/Contents/Eclipse/plugins/com.st.stm32cube.ide.mcu.externaltools.gnu-tools-for-stm32.13.3.rel1.macos64_1.0.0.202411102158/tools/bin/../lib/gcc/arm-none-eabi/13.3.1/../../../../arm-none-eabi/lib/thumb/v7e-m+fp/hard/libc_nano.a(libc_a-fstatr.o)
 .ARM.attributes
                0x000009cf       0x1c /Applications/STM32CubeIDE.app/Contents/Eclipse/plugins/com.st.stm32cube.ide.mcu.externaltools.gnu-tools-for-stm32.13.3.rel1.macos64_1.0.0.202411102158/tools/bin/../lib/gcc/arm-none-eabi/13.3.1/../../../../arm-none-eabi/lib/thumb/v7e-m+fp/hard/libc_nano.a(libc_a-memchr.o)
 .ARM.attributes
                0x000009eb       0x34 /Applications/STM32CubeIDE.app/Contents/Eclipse/plugins/com.st.stm32cube.ide.mcu.externaltools.gnu-tools-for-stm32.13.3.rel1.macos64_1.0.0.202411102158/tools/bin/../lib/gcc/arm-none-eabi/13.3.1/../../../../arm-none-eabi/lib/thumb/v7e-m+fp/hard/libc_nano.a(libc_a-freer.o)
 .ARM.attributes
                0x00000a1f       0x22 /Applications/STM32CubeIDE.app/Contents/Eclipse/plugins/com.st.stm32cube.ide.mcu.externaltools.gnu-tools-for-stm32.13.3.rel1.macos64_1.0.0.202411102158/tools/bin/../lib/gcc/arm-none-eabi/13.3.1/thumb/v7e-m+fp/hard/libgcc.a(_aeabi_uldivmod.o)
 .ARM.attributes
                0x00000a41       0x34 /Applications/STM32CubeIDE.app/Contents/Eclipse/plugins/com.st.stm32cube.ide.mcu.externaltools.gnu-tools-for-stm32.13.3.rel1.macos64_1.0.0.202411102158/tools/bin/../lib/gcc/arm-none-eabi/13.3.1/thumb/v7e-m+fp/hard/libgcc.a(_udivmoddi4.o)
 .ARM.attributes
                0x00000a75       0x22 /Applications/STM32CubeIDE.app/Contents/Eclipse/plugins/com.st.stm32cube.ide.mcu.externaltools.gnu-tools-for-stm32.13.3.rel1.macos64_1.0.0.202411102158/tools/bin/../lib/gcc/arm-none-eabi/13.3.1/thumb/v7e-m+fp/hard/libgcc.a(_dvmd_tls.o)
 .ARM.attributes
                0x00000a97       0x22 /Applications/STM32CubeIDE.app/Contents/Eclipse/plugins/com.st.stm32cube.ide.mcu.externaltools.gnu-tools-for-stm32.13.3.rel1.macos64_1.0.0.202411102158/tools/bin/../lib/gcc/arm-none-eabi/13.3.1/thumb/v7e-m+fp/hard/crtn.o
OUTPUT(proj.elf elf32-littlearm)
LOAD linker stubs
LOAD /Applications/STM32CubeIDE.app/Contents/Eclipse/plugins/com.st.stm32cube.ide.mcu.externaltools.gnu-tools-for-stm32.13.3.rel1.macos64_1.0.0.202411102158/tools/bin/../lib/gcc/arm-none-eabi/13.3.1/../../../../arm-none-eabi/lib/thumb/v7e-m+fp/hard/libc.a
LOAD /Applications/STM32CubeIDE.app/Contents/Eclipse/plugins/com.st.stm32cube.ide.mcu.externaltools.gnu-tools-for-stm32.13.3.rel1.macos64_1.0.0.202411102158/tools/bin/../lib/gcc/arm-none-eabi/13.3.1/../../../../arm-none-eabi/lib/thumb/v7e-m+fp/hard/libm.a
LOAD /Applications/STM32CubeIDE.app/Contents/Eclipse/plugins/com.st.stm32cube.ide.mcu.externaltools.gnu-tools-for-stm32.13.3.rel1.macos64_1.0.0.202411102158/tools/bin/../lib/gcc/arm-none-eabi/13.3.1/thumb/v7e-m+fp/hard/libgcc.a

.debug_info     0x00000000    0x1286b
 .debug_info    0x00000000      0xa31 ./Core/Src/dhcp.o
 .debug_info    0x00000a31     0x165f ./Core/Src/main.o
 .debug_info    0x00002090      0xf4e ./Core/Src/net_w5500.o
 .debug_info    0x00002fde      0xa1d ./Core/Src/socket.o
 .debug_info    0x000039fb     0x11e5 ./Core/Src/stm32l4xx_hal_msp.o
 .debug_info    0x00004be0      0x14c ./Core/Src/stm32l4xx_it.o
 .debug_info    0x00004d2c      0x6a3 ./Core/Src/syscalls.o
 .debug_info    0x000053cf      0x168 ./Core/Src/sysmem.o
 .debug_info    0x00005537      0x5e9 ./Core/Src/system_stm32l4xx.o
 .debug_info    0x00005b20      0x5e6 ./Core/Src/w5500.o
 .debug_info    0x00006106      0xf3f ./Core/Src/wizchip_conf.o
 .debug_info    0x00007045       0x30 ./Core/Startup/startup_stm32l4r5zitxp.o
 .debug_info    0x00007075      0xb49 ./Drivers/STM32L4xx_HAL_Driver/Src/stm32l4xx_hal.o
 .debug_info    0x00007bbe      0xd99 ./Drivers/STM32L4xx_HAL_Driver/Src/stm32l4xx_hal_cortex.o
 .debug_info    0x00008957      0x787 ./Drivers/STM32L4xx_HAL_Driver/Src/stm32l4xx_hal_gpio.o
 .debug_info    0x000090de      0xa0a ./Drivers/STM32L4xx_HAL_Driver/Src/stm32l4xx_hal_pwr_ex.o
 .debug_info    0x00009ae8      0xd32 ./Drivers/STM32L4xx_HAL_Driver/Src/stm32l4xx_hal_rcc.o
 .debug_info    0x0000a81a     0x1167 ./Drivers/STM32L4xx_HAL_Driver/Src/stm32l4xx_hal_rcc_ex.o
 .debug_info    0x0000b981     0x165d ./Drivers/STM32L4xx_HAL_Driver/Src/stm32l4xx_hal_spi.o
 .debug_info    0x0000cfde     0x4875 ./Drivers/STM32L4xx_HAL_Driver/Src/stm32l4xx_hal_uart.o
 .debug_info    0x00011853     0x1018 ./Drivers/STM32L4xx_HAL_Driver/Src/stm32l4xx_hal_uart_ex.o

.debug_abbrev   0x00000000     0x2c38
 .debug_abbrev  0x00000000      0x230 ./Core/Src/dhcp.o
 .debug_abbrev  0x00000230      0x326 ./Core/Src/main.o
 .debug_abbrev  0x00000556      0x2ff ./Core/Src/net_w5500.o
 .debug_abbrev  0x00000855      0x1c5 ./Core/Src/socket.o
 .debug_abbrev  0x00000a1a      0x1e5 ./Core/Src/stm32l4xx_hal_msp.o
 .debug_abbrev  0x00000bff       0xa0 ./Core/Src/stm32l4xx_it.o
 .debug_abbrev  0x00000c9f      0x1b6 ./Core/Src/syscalls.o
 .debug_abbrev  0x00000e55       0xbc ./Core/Src/sysmem.o
 .debug_abbrev  0x00000f11      0x11a ./Core/Src/system_stm32l4xx.o
 .debug_abbrev  0x0000102b      0x1cb ./Core/Src/w5500.o
 .debug_abbrev  0x000011f6      0x320 ./Core/Src/wizchip_conf.o
 .debug_abbrev  0x00001516       0x24 ./Core/Startup/startup_stm32l4r5zitxp.o
 .debug_abbrev  0x0000153a      0x242 ./Drivers/STM32L4xx_HAL_Driver/Src/stm32l4xx_hal.o
 .debug_abbrev  0x0000177c      0x31c ./Drivers/STM32L4xx_HAL_Driver/Src/stm32l4xx_hal_cortex.o
 .debug_abbrev  0x00001a98      0x1cb ./Drivers/STM32L4xx_HAL_Driver/Src/stm32l4xx_hal_gpio.o
 .debug_abbrev  0x00001c63      0x1f9 ./Drivers/STM32L4xx_HAL_Driver/Src/stm32l4xx_hal_pwr_ex.o
 .debug_abbrev  0x00001e5c      0x306 ./Drivers/STM32L4xx_HAL_Driver/Src/stm32l4xx_hal_rcc.o
 .debug_abbrev  0x00002162      0x2a3 ./Drivers/STM32L4xx_HAL_Driver/Src/stm32l4xx_hal_rcc_ex.o
 .debug_abbrev  0x00002405      0x25d ./Drivers/STM32L4xx_HAL_Driver/Src/stm32l4xx_hal_spi.o
 .debug_abbrev  0x00002662      0x304 ./Drivers/STM32L4xx_HAL_Driver/Src/stm32l4xx_hal_uart.o
 .debug_abbrev  0x00002966      0x2d2 ./Drivers/STM32L4xx_HAL_Driver/Src/stm32l4xx_hal_uart_ex.o

.debug_aranges  0x00000000     0x1080
 .debug_aranges
                0x00000000       0xc8 ./Core/Src/dhcp.o
 .debug_aranges
                0x000000c8       0x78 ./Core/Src/main.o
 .debug_aranges
                0x00000140       0x80 ./Core/Src/net_w5500.o
 .debug_aranges
                0x000001c0       0xa8 ./Core/Src/socket.o
 .debug_aranges
                0x00000268       0x40 ./Core/Src/stm32l4xx_hal_msp.o
 .debug_aranges
                0x000002a8       0x68 ./Core/Src/stm32l4xx_it.o
 .debug_aranges
                0x00000310       0xa8 ./Core/Src/syscalls.o
 .debug_aranges
                0x000003b8       0x20 ./Core/Src/sysmem.o
 .debug_aranges
                0x000003d8       0x28 ./Core/Src/system_stm32l4xx.o
 .debug_aranges
                0x00000400       0x60 ./Core/Src/w5500.o
 .debug_aranges
                0x00000460      0x168 ./Core/Src/wizchip_conf.o
 .debug_aranges
                0x000005c8       0x28 ./Core/Startup/startup_stm32l4r5zitxp.o
 .debug_aranges
                0x000005f0      0x130 ./Drivers/STM32L4xx_HAL_Driver/Src/stm32l4xx_hal.o
 .debug_aranges
                0x00000720      0x128 ./Drivers/STM32L4xx_HAL_Driver/Src/stm32l4xx_hal_cortex.o
 .debug_aranges
                0x00000848       0x58 ./Drivers/STM32L4xx_HAL_Driver/Src/stm32l4xx_hal_gpio.o
 .debug_aranges
                0x000008a0      0x170 ./Drivers/STM32L4xx_HAL_Driver/Src/stm32l4xx_hal_pwr_ex.o
 .debug_aranges
                0x00000a10       0x98 ./Drivers/STM32L4xx_HAL_Driver/Src/stm32l4xx_hal_rcc.o
 .debug_aranges
                0x00000aa8      0x110 ./Drivers/STM32L4xx_HAL_Driver/Src/stm32l4xx_hal_rcc_ex.o
 .debug_aranges
                0x00000bb8      0x1d8 ./Drivers/STM32L4xx_HAL_Driver/Src/stm32l4xx_hal_spi.o
 .debug_aranges
                0x00000d90      0x248 ./Drivers/STM32L4xx_HAL_Driver/Src/stm32l4xx_hal_uart.o
 .debug_aranges
                0x00000fd8       0xa8 ./Drivers/STM32L4xx_HAL_Driver/Src/stm32l4xx_hal_uart_ex.o

.debug_rnglists
                0x00000000      0xce6
 .debug_rnglists
                0x00000000       0x99 ./Core/Src/dhcp.o
 .debug_rnglists
                0x00000099       0x5a ./Core/Src/main.o
 .debug_rnglists
                0x000000f3       0x8a ./Core/Src/net_w5500.o
 .debug_rnglists
                0x0000017d       0x91 ./Core/Src/socket.o
 .debug_rnglists
                0x0000020e       0x2d ./Core/Src/stm32l4xx_hal_msp.o
 .debug_rnglists
                0x0000023b       0x49 ./Core/Src/stm32l4xx_it.o
 .debug_rnglists
                0x00000284       0x79 ./Core/Src/syscalls.o
 .debug_rnglists
                0x000002fd       0x13 ./Core/Src/sysmem.o
 .debug_rnglists
                0x00000310       0x1a ./Core/Src/system_stm32l4xx.o
 .debug_rnglists
                0x0000032a       0x4c ./Core/Src/w5500.o
 .debug_rnglists
                0x00000376      0x111 ./Core/Src/wizchip_conf.o
 .debug_rnglists
                0x00000487       0x19 ./Core/Startup/startup_stm32l4r5zitxp.o
 .debug_rnglists
                0x000004a0       0xdf ./Drivers/STM32L4xx_HAL_Driver/Src/stm32l4xx_hal.o
 .debug_rnglists
                0x0000057f       0xda ./Drivers/STM32L4xx_HAL_Driver/Src/stm32l4xx_hal_cortex.o
 .debug_rnglists
                0x00000659       0x3f ./Drivers/STM32L4xx_HAL_Driver/Src/stm32l4xx_hal_gpio.o
 .debug_rnglists
                0x00000698      0x115 ./Drivers/STM32L4xx_HAL_Driver/Src/stm32l4xx_hal_pwr_ex.o
 .debug_rnglists
                0x000007ad       0x74 ./Drivers/STM32L4xx_HAL_Driver/Src/stm32l4xx_hal_rcc.o
 .debug_rnglists
                0x00000821       0xd4 ./Drivers/STM32L4xx_HAL_Driver/Src/stm32l4xx_hal_rcc_ex.o
 .debug_rnglists
                0x000008f5      0x178 ./Drivers/STM32L4xx_HAL_Driver/Src/stm32l4xx_hal_spi.o
 .debug_rnglists
                0x00000a6d      0x1fa ./Drivers/STM32L4xx_HAL_Driver/Src/stm32l4xx_hal_uart.o
 .debug_rnglists
                0x00000c67       0x7f ./Drivers/STM32L4xx_HAL_Driver/Src/stm32l4xx_hal_uart_ex.o

.debug_macro    0x00000000    0x2abca
 .debug_macro   0x00000000      0x145 ./Core/Src/dhcp.o
 .debug_macro   0x00000145      0xad8 ./Core/Src/dhcp.o
 .debug_macro   0x00000c1d       0x22 ./Core/Src/dhcp.o
 .debug_macro   0x00000c3f       0x8e ./Core/Src/dhcp.o
 .debug_macro   0x00000ccd       0x51 ./Core/Src/dhcp.o
 .debug_macro   0x00000d1e      0x103 ./Core/Src/dhcp.o
 .debug_macro   0x00000e21       0x6a ./Core/Src/dhcp.o
 .debug_macro   0x00000e8b      0x1df ./Core/Src/dhcp.o
 .debug_macro   0x0000106a       0x8b ./Core/Src/dhcp.o
 .debug_macro   0x000010f5      0x5fc ./Core/Src/dhcp.o
 .debug_macro   0x000016f1       0x66 ./Core/Src/dhcp.o
 .debug_macro   0x00001757      0x180 ./Core/Src/dhcp.o
 .debug_macro   0x000018d7       0x2e ./Core/Src/dhcp.o
 .debug_macro   0x00001905      0x218 ./Core/Src/main.o
 .debug_macro   0x00001b1d      0x1a7 ./Core/Src/main.o
 .debug_macro   0x00001cc4       0x2e ./Core/Src/main.o
 .debug_macro   0x00001cf2       0x28 ./Core/Src/main.o
 .debug_macro   0x00001d1a       0x1c ./Core/Src/main.o
 .debug_macro   0x00001d36       0x22 ./Core/Src/main.o
 .debug_macro   0x00001d58       0xfb ./Core/Src/main.o
 .debug_macro   0x00001e53     0x1011 ./Core/Src/main.o
 .debug_macro   0x00002e64      0x11f ./Core/Src/main.o
 .debug_macro   0x00002f83    0x1cb71 ./Core/Src/main.o
 .debug_macro   0x0001faf4       0x6d ./Core/Src/main.o
 .debug_macro   0x0001fb61     0x3902 ./Core/Src/main.o
 .debug_macro   0x00023463       0x5c ./Core/Src/main.o
 .debug_macro   0x000234bf     0x1884 ./Core/Src/main.o
 .debug_macro   0x00024d43      0x7dc ./Core/Src/main.o