../Core/Src/main.c:49:20:W5500_Select	8	static
../Core/Src/main.c:50:20:W5500_Deselect	8	static
../Core/Src/main.c:85:16:spi_txrx1	32	static
../Core/Src/main.c:91:6:HAL_GPIO_EXTI_Callback	16	static
../Core/Src/main.c:135:9:W5500_ReadVersion	16	static
../Core/Src/main.c:147:5:_write	24	static
../Core/Src/main.c:160:5:main	16	static
../Core/Src/main.c:246:6:SystemClock_Config	96	static
../Core/Src/main.c:291:13:MX_LPUART1_UART_Init	8	static
../Core/Src/main.c:339:13:MX_SPI1_Init	8	static
../Core/Src/main.c:383:13:MX_GPIO_Init	64	static
../Core/Src/main.c:660:6:Error_Handler	4	static,ignoring_inline_asm
