../Core/Src/main.c:49:20:W5500_Select	8	static
../Core/Src/main.c:50:20:W5500_Deselect	8	static
../Core/Src/main.c:85:16:spi_txrx1	32	static
../Core/Src/main.c:97:9:W5500_ReadVersion	16	static
../Core/Src/main.c:109:5:_write	24	static
../Core/Src/main.c:122:5:main	288	static
../Core/Src/main.c:212:6:SystemClock_Config	96	static
../Core/Src/main.c:257:13:MX_LPUART1_UART_Init	8	static
../Core/Src/main.c:305:13:MX_SPI1_Init	8	static
../Core/Src/main.c:345:13:MX_GPIO_Init	64	static
../Core/Src/main.c:622:6:Error_Handler	4	static,ignoring_inline_asm
