../Core/Src/net_w5500.c:19:20:wizchip_select	8	static
../Core/Src/net_w5500.c:20:20:wizchip_deselect	8	static
../Core/Src/net_w5500.c:22:16:wizchip_read	24	static
../Core/Src/net_w5500.c:27:13:wizchip_write	32	static
../Core/Src/net_w5500.c:32:13:wizchip_readburst	24	static
../Core/Src/net_w5500.c:38:13:wizchip_writeburst	24	static
../Core/Src/net_w5500.c:45:13:wizchip_hw_reset	8	static
../Core/Src/net_w5500.c:54:5:w5500_chip_init	40	static
../Core/Src/net_w5500.c:103:6:net_print_info	152	static
../Core/Src/net_w5500.c:123:6:ethernet_start	40	static
../Core/Src/net_w5500.c:202:24:rb_count	4	static
../Core/Src/net_w5500.c:205:24:rb_space	8	static
../Core/Src/net_w5500.c:208:20:rb_push_byte	16	static
../Core/Src/net_w5500.c:213:19:rb_pop_byte	16	static
../Core/Src/net_w5500.c:220:6:net_start_server	16	static
../Core/Src/net_w5500.c:236:5:net_is_connected	16	static
../Core/Src/net_w5500.c:242:6:net_close_client	8	static
../Core/Src/net_w5500.c:252:6:net_poll	288	static
../Core/Src/net_w5500.c:308:5:net_send	40	static
../Core/Src/net_w5500.c:340:5:net_send_str	16	static
../Core/Src/net_w5500.c:345:5:net_recv_available	8	static
../Core/Src/net_w5500.c:350:5:net_recv	24	static
../Core/Src/net_w5500.c:362:23:rb_peek_at	16	static
../Core/Src/net_w5500.c:365:20:rb_drop_n	16	static
../Core/Src/net_w5500.c:369:5:net_recv_line	48	static
../Core/Src/net_w5500.c:410:6:net_w5500_irq_handler	16	static
